Microchip MPLAB XC8 Compiler V2.45

Linker command line:

-W-3 \
  --edf=C:\Program Files\Microchip\xc8\v2.45\pic\dat\20230818022343_en.msgs \
  -cn -h+dist/default/debug\projects.debug.sym \
  --cmf=dist/default/debug\projects.debug.cmf -z -Q18F4620 \
  -oC:\Users\Blu-Ray\AppData\Local\Temp\xcAsdbg.\driver_tmp_3.o \
  --defsym=__MPLAB_BUILD=1 --fixupoverflow=error \
  -Mdist/default/debug/projects.debug.map \
  --md=C:\Users\Blu-Ray\AppData\Local\Temp\xcAsdbg.\driver_tmp_0.dat -E1 \
  -ver=XC8 Compiler --acfsm=1493 -ACODE=00h-0FFFFh -ACONST=00h-0FFFFh \
  -ASMALLCONST=01000h-010FFhx240 -AMEDIUMCONST=01000h-0FFFFh \
  -ACOMRAM=01h-07Fh -AABS1=00h-0F7Fh -ABIGRAM=01h-0F7Fh \
  -ARAM=080h-0FFh,0100h-01FFhx14,0F00h-0F7Fh -ABANK0=080h-0FFh \
  -ABANK1=0100h-01FFh -ABANK2=0200h-02FFh -ABANK3=0300h-03FFh \
  -ABANK4=0400h-04FFh -ABANK5=0500h-05FFh -ABANK6=0600h-06FFh \
  -ABANK7=0700h-07FFh -ABANK8=0800h-08FFh -ABANK9=0900h-09FFh \
  -ABANK10=0A00h-0AFFh -ABANK11=0B00h-0BFFh -ABANK12=0C00h-0CFFh \
  -ABANK13=0D00h-0DFFh -ABANK14=0E00h-0EFFh -ABANK15=0F00h-0F7Fh \
  -ASFR=0F80h-0FFFh -ABIGSFR=0F80h-0FFFh -ACONFIG=0300000h-030000Dh \
  -AIDLOC=0200000h-0200007h -AEEDATA=0F00000h-0F003FFh -peeprom_data=EEDATA \
  -preset_vec=00h,intcode=08h,intcodelo,powerup,init -pramtop=01000h \
  -psmallconst=SMALLCONST -pmediumconst=MEDIUMCONST -pconst=CONST \
  -AFARRAM=00h-00h \
  -prdata=COMRAM,nvrram=COMRAM,nvbit=COMRAM,rbss=COMRAM,rbit=COMRAM \
  -pfarbss=FARRAM,fardata=FARRAM,nvFARRAM=FARRAM \
  -pintsave_regs=BIGRAM,bigbss=BIGRAM,bigdata=BIGRAM -pbss=RAM \
  -pidata=CODE,irdata=CODE,ibigdata=CODE,ifardata=CODE -prparam=COMRAM \
  C:\Users\Blu-Ray\AppData\Local\Temp\xcAsdbg.\driver_tmp_14.o \
  dist/default/debug\projects.debug.o 

Object code version is 3.11

Machine type is 18F4620



                Name                               Link     Load   Length Selector   Space Scale
C:\Users\Blu-Ray\AppData\Local\Temp\xcAsdbg.\driver_tmp_14.o
                config                           300000   300000        E        0       4
                init                                  E        E        4        4       0
                reset_vec                             0        0        4        0       0
dist/default/debug\projects.debug.o
                intcode                               8        8        6        4       0
                config                           300000   300000        E        0       4
                temp                                 57       57        1        1       1
                mediumconst                        FEE8     FEE8      118     7F74       0
                text70                             3362     3362       44        4       0
                text69                             2040     2040      110        4       0
                text68                             3602     3602       26        4       0
                text67                             323A     323A       50        4       0
                text66                             3088     3088       5C        4       0
                text65                             302C     302C       5C        4       0
                text64                             2858     2858       98        4       0
                text63                             2A10     2A10       8C        4       0
                text62                             1B70     1B70      170        4       0
                text61                             357E     357E       2E        4       0
                text60                             3550     3550       2E        4       0
                text59                             3522     3522       2E        4       0
                text58                             371C     371C       1A     1B27       0
                text57                             3702     3702       1A     1B27       0
                text56                             36E8     36E8       1A     1B27       0
                text55                             36CE     36CE       1A     1B27       0
                intcode_body                       168E     168E      2E6        4       0
                text53                             2C84     2C84       70        4       0
                text52                             2C14     2C14       70        4       0
                text51                             1E0C     1E0C      11E        4       0
                text50                             2B22     2B22       7C        4       0
                text49                             1CE0     1CE0      12C        4       0
                text48                             34F4     34F4       2E        4       0
                text47                             3692     3692       22     1B27       0
                text46                             3670     3670       22     1B27       0
                text45                             364E     364E       22     1B27       0
                text44                             27B6     27B6       A2        4       0
                text43                             2F6E     2F6E       60        4       0
                text42                             1F2A     1F2A      116        4       0
                text41                             2F0A     2F0A       64        4       0
                text40                             35D8     35D8       2A        4       0
                text39                             2FCE     2FCE       5E        4       0
                text38                             2DD0     2DD0       6A        4       0
                text37                             35AC     35AC       2C        4       0
                text36                             30E4     30E4       5A        4       0
                text35                             2EA2     2EA2       68        4       0
                text34                             2150     2150      100        4       0
                text33                             331A     331A       48        4       0
                text32                             374E     374E        6     1BA3       0
                text31                             3422     3422       38        4       0
                text30                             234C     234C       DE        4       0
                text29                             266E     266E       A6        4       0
                text28                             2250     2250       FC        4       0
                text27                             2E3A     2E3A       68        4       0
                text26                             2714     2714       A2        4       0
                text25                             33A6     33A6       42        4       0
                text24                             28F0     28F0       92        4       0
                text23                             12EA     12EA      3A4        4       0
                text22                             2A9C     2A9C       86        4       0
                text21                             32D2     32D2       48        4       0
                text20                             328A     328A       48        4       0
                text19                              618      618      4B6        4       0
                text18                              ACE      ACE      462        4       0
                text17                             34C2     34C2       32        4       0
                text16                             3490     3490       32        4       0
                text15                             2D62     2D62       6E        4       0
                text14                             2CF4     2CF4       6E        4       0
                text13                             33E8     33E8       3A        4       0
                text12                             24F6     24F6       C6        4       0
                text11                             25BC     25BC       B2        4       0
                text10                             345A     345A       36        4       0
                text9                              3754     3754        2     1BA3       0
                text8                              242A     242A       CC        4       0
                text7                              1974     1974      1FC        4       0
                text6                              31EA     31EA       50        4       0
                text5                              3196     3196       54        4       0
                text4                              313E     313E       58        4       0
                text3                                12       12      606        4       0
                text2                              3746     3746        8     1BA3       0
                text1                              2B9E     2B9E       76        4       0
                text0                               F30      F30      3BA        4       0
                cstackCOMRAM                          1        1       29        1       1
                cstackBANK0                          AC       AC       2A       80       1
                cstackBANK1                         100      100       24      100       1
                dataBANK1                           144      144       1A      100       1
                bssBANK1                            124      124       20      100       1
                dataBANK0                            D6       D6       25       80       1
                bssBANK0                             80       80       2C       80       1
                dataCOMRAM                           48       48        F        1       1
                bssCOMRAM                            2A       2A       1E        1       1
                cinit                              2982     2982       8E        4       0
                idataBANK1                         36B4     36B4       1A     1B27       0
                idataBANK0                         3628     3628       25        4       0
                idataCOMRAM                        3736     3736        F     1B27       0

TOTAL           Name                               Link     Load   Length     Space
        CLASS   CODE           
                intcode                               8        8        6         0
                init                                  E        E        4         0
                reset_vec                             0        0        4         0
                text70                             3362     3362       44         0
                text69                             2040     2040      110         0
                text68                             3602     3602       26         0
                text67                             323A     323A       50         0
                text66                             3088     3088       5C         0
                text65                             302C     302C       5C         0
                text64                             2858     2858       98         0
                text63                             2A10     2A10       8C         0
                text62                             1B70     1B70      170         0
                text61                             357E     357E       2E         0
                text60                             3550     3550       2E         0
                text59                             3522     3522       2E         0
                text58                             371C     371C       1A         0
                text57                             3702     3702       1A         0
                text56                             36E8     36E8       1A         0
                text55                             36CE     36CE       1A         0
                intcode_body                       168E     168E      2E6         0
                text53                             2C84     2C84       70         0
                text52                             2C14     2C14       70         0
                text51                             1E0C     1E0C      11E         0
                text50                             2B22     2B22       7C         0
                text49                             1CE0     1CE0      12C         0
                text48                             34F4     34F4       2E         0
                text47                             3692     3692       22         0
                text46                             3670     3670       22         0
                text45                             364E     364E       22         0
                text44                             27B6     27B6       A2         0
                text43                             2F6E     2F6E       60         0
                text42                             1F2A     1F2A      116         0
                text41                             2F0A     2F0A       64         0
                text40                             35D8     35D8       2A         0
                text39                             2FCE     2FCE       5E         0
                text38                             2DD0     2DD0       6A         0
                text37                             35AC     35AC       2C         0
                text36                             30E4     30E4       5A         0
                text35                             2EA2     2EA2       68         0
                text34                             2150     2150      100         0
                text33                             331A     331A       48         0
                text32                             374E     374E        6         0
                text31                             3422     3422       38         0
                text30                             234C     234C       DE         0
                text29                             266E     266E       A6         0
                text28                             2250     2250       FC         0
                text27                             2E3A     2E3A       68         0
                text26                             2714     2714       A2         0
                text25                             33A6     33A6       42         0
                text24                             28F0     28F0       92         0
                text23                             12EA     12EA      3A4         0
                text22                             2A9C     2A9C       86         0
                text21                             32D2     32D2       48         0
                text20                             328A     328A       48         0
                text19                              618      618      4B6         0
                text18                              ACE      ACE      462         0
                text17                             34C2     34C2       32         0
                text16                             3490     3490       32         0
                text15                             2D62     2D62       6E         0
                text14                             2CF4     2CF4       6E         0
                text13                             33E8     33E8       3A         0
                text12                             24F6     24F6       C6         0
                text11                             25BC     25BC       B2         0
                text10                             345A     345A       36         0
                text9                              3754     3754        2         0
                text8                              242A     242A       CC         0
                text7                              1974     1974      1FC         0
                text6                              31EA     31EA       50         0
                text5                              3196     3196       54         0
                text4                              313E     313E       58         0
                text3                                12       12      606         0
                text2                              3746     3746        8         0
                text1                              2B9E     2B9E       76         0
                text0                               F30      F30      3BA         0
                cinit                              2982     2982       8E         0
                idataBANK1                         36B4     36B4       1A         0
                idataBANK0                         3628     3628       25         0
                idataCOMRAM                        3736     3736        F         0

        CLASS   CONST          

        CLASS   SMALLCONST     

        CLASS   MEDIUMCONST    
                mediumconst                        FEE8     FEE8      118         0

        CLASS   COMRAM         
                temp                                 57       57        1         1
                cstackCOMRAM                          1        1       29         1
                dataCOMRAM                           48       48        F         1
                bssCOMRAM                            2A       2A       1E         1

        CLASS   ABS1           

        CLASS   BIGRAM         

        CLASS   RAM            

        CLASS   BANK0          
                cstackBANK0                          AC       AC       2A         1
                dataBANK0                            D6       D6       25         1
                bssBANK0                             80       80       2C         1

        CLASS   BANK1          
                cstackBANK1                         100      100       24         1
                dataBANK1                           144      144       1A         1
                bssBANK1                            124      124       20         1

        CLASS   BANK2          

        CLASS   BANK3          

        CLASS   BANK4          

        CLASS   BANK5          

        CLASS   BANK6          

        CLASS   BANK7          

        CLASS   BANK8          

        CLASS   BANK9          

        CLASS   BANK10         

        CLASS   BANK11         

        CLASS   BANK12         

        CLASS   BANK13         

        CLASS   BANK14         

        CLASS   BANK15         

        CLASS   SFR            

        CLASS   BIGSFR         

        CLASS   CONFIG         
                config                           300000   300000        E         4

        CLASS   IDLOC          

        CLASS   EEDATA         

        CLASS   FARRAM         

        CLASS   HEAP           

        CLASS   STACK          



SEGMENTS        Name                           Load    Length   Top    Selector   Space  Class

                reset_vec                      000000  000004  000004         0       0  CODE    
                cstackCOMRAM                   000001  000057  000058         1       1  COMRAM  
                intcode                        000008  003645  00364D         4       0  CODE    
                bssBANK0                       000080  00007B  0000FB        80       1  BANK0   
                cstackBANK1                    000100  00005E  00015E       100       1  BANK1   
                text45                         00364E  0000F7  003745      1B27       0  CODE    
                text2                          003746  000010  003756      1BA3       0  CODE    
                mediumconst                    00FEE8  000118  010000      7F74       0  MEDIUMCO


UNUSED ADDRESS RANGES

        Name                Unused          Largest block    Delta
        BANK0            0000FB-0000FF                5
        BANK1            00015E-0001FF               A2
        BANK10           000A00-000AFF              100
        BANK11           000B00-000BFF              100
        BANK12           000C00-000CFF              100
        BANK13           000D00-000DFF              100
        BANK14           000E00-000EFF              100
        BANK15           000F00-000F7F               80
        BANK2            000200-0002FF              100
        BANK3            000300-0003FF              100
        BANK4            000400-0004FF              100
        BANK5            000500-0005FF              100
        BANK6            000600-0006FF              100
        BANK7            000700-0007FF              100
        BANK8            000800-0008FF              100
        BANK9            000900-0009FF              100
        BIGRAM           000058-00007F               28
                         0000FB-0000FF                5
                         00015E-000F7F              E22
        BIGSFR           000F80-000FFF               80
        CODE             000004-000007                4
                         00364D-00364D                1
                         003745-003745                1
                         003756-00FEE7             C792
        COMRAM           000058-00007F               28
        CONST            000004-000007                4
                         00364D-00364D                1
                         003745-003745                1
                         003756-00FEE7             C792
        EEDATA           F00000-F003FF              400
        IDLOC            200000-200007                8
        MEDIUMCONST      00364D-00364D                1
                         003745-003745                1
                         003756-00FEE7             C792
        RAM              0000FB-0000FF                5
                         00015E-000F7F              100
        SFR              000F80-000FFF               80
        SMALLCONST       00364D-00364D                1
                         003745-003745                1
                         003756-00FEE7              100

                                  Symbol Table

?___awdiv                                       cstackBANK0  0000AC
?___awmod                                       cstackBANK0  0000AC
?_abs                                           cstackBANK0  0000B2
?_sprintf                                       cstackBANK0  0000CD
?_vfprintf                                      cstackBANK0  0000C5
Data_EEPROM_ReadByte@bData                      cstackBANK0  0000AE
Data_EEPROM_ReadByte@badd                       cstackBANK0  0000AC
Data_EEPROM_WriteByte@GLOBAL_INTERRUPT_STATUS   cstackBANK0  0000AF
Data_EEPROM_WriteByte@bData                     cstackBANK0  0000AE
Data_EEPROM_WriteByte@badd                      cstackBANK0  0000AC
INT0_SET_INTERRUPT_HANDLER@INTERRUPT_HANDLER    cstackBANK0  0000AC
INT0_app_ISR@i                                  cstackCOMRAM 00001C
INT1_SET_INTERRUPT_HANDLER@INTERRUPT_HANDLER    cstackBANK0  0000AC
INT2_SET_INTERRUPT_HANDLER@INTERRUPT_HANDLER    cstackBANK0  0000AC
INTERRUPT_INTx_clear_flag@int_obj               cstackBANK0  0000AC
INTERRUPT_INTx_clear_flag@ret                   cstackBANK0  0000AF
INTERRUPT_INTx_disable@int_obj                  cstackBANK0  0000AC
INTERRUPT_INTx_disable@ret                      cstackBANK0  0000AF
INTERRUPT_INTx_edge_int@int_obj                 cstackBANK0  0000AC
INTERRUPT_INTx_edge_int@ret                     cstackBANK0  0000AF
INTERRUPT_INTx_enable@int_obj                   cstackBANK0  0000AC
INTERRUPT_INTx_enable@ret                       cstackBANK0  0000AF
INTERRUPT_INTx_pin_int@int_obj                  cstackBANK0  0000B3
INTERRUPT_INTx_pin_int@ret                      cstackBANK0  0000B4
INTERRUPT_SET_INTERRUPT_HANDLER@int_obj         cstackBANK0  0000AE
INTERRUPT_SET_INTERRUPT_HANDLER@ret             cstackBANK0  0000B1
Interrupt_INTx_Init@int_obj                     cstackBANK0  0000B5
Interrupt_INTx_Init@ret                         cstackBANK0  0000B6
RB4_ISR@RB4_source                              cstackCOMRAM 000001
RB5_ISR@RB5_source                              cstackCOMRAM 000001
RB6_ISR@RB6_source                              cstackCOMRAM 000001
RB7_ISR@RB7_source                              cstackCOMRAM 000001
_Application_Initialization                     text32       00374E
_Data_EEPROM_ReadByte                           text31       003422
_Data_EEPROM_WriteByte                          text21       0032D2
_EEADR                                          (abs)        000FA9
_EEADRH                                         (abs)        000FAA
_EECON1bits                                     (abs)        000FA6
_EECON2                                         (abs)        000FA7
_EEDATA                                         (abs)        000FA8
_INT0_INTERRUPT_HANDLER                         bssCOMRAM    00003E
_INT0_ISR                                       text61       00357E
_INT0_SET_INTERRUPT_HANDLER                     text47       003692
_INT0_app_ISR                                   text62       001B70
_INT1_INTERRUPT_HANDLER                         bssCOMRAM    00003C
_INT1_ISR                                       text60       003550
_INT1_SET_INTERRUPT_HANDLER                     text46       003670
_INT2_INTERRUPT_HANDLER                         bssCOMRAM    00003A
_INT2_ISR                                       text59       003522
_INT2_SET_INTERRUPT_HANDLER                     text45       00364E
_INTCON2bits                                    (abs)        000FF1
_INTCON3bits                                    (abs)        000FF0
_INTCONbits                                     (abs)        000FF2
_INTERRUPT_INTx_clear_flag                      text53       002C84
_INTERRUPT_INTx_disable                         text52       002C14
_INTERRUPT_INTx_edge_int                        text51       001E0C
_INTERRUPT_INTx_enable                          text50       002B22
_INTERRUPT_INTx_pin_int                         text48       0034F4
_INTERRUPT_MANAGER_HIGH                         intcode      000008
_INTERRUPT_SET_INTERRUPT_HANDLER                text44       0027B6
_INT_obj                                        dataBANK0    0000F5
_Interrupt_INTx_Init                            text43       002F6E
_LATA                                           (abs)        000F89
_LATB                                           (abs)        000F8A
_LATC                                           (abs)        000F8B
_LATD                                           (abs)        000F8C
_LATE                                           (abs)        000F8D
_PORTA                                          (abs)        000F80
_PORTB                                          (abs)        000F81
_PORTBbits                                      (abs)        000F81
_PORTC                                          (abs)        000F82
_PORTD                                          (abs)        000F83
_PORTE                                          (abs)        000F84
_RB4_INTERRUPT_HANDLER_HIGH                     bssCOMRAM    000038
_RB4_INTERRUPT_HANDLER_LOW                      bssCOMRAM    000036
_RB4_ISR                                        text58       00371C
_RB4_flag                                       dataCOMRAM   00004B
_RB5_INTERRUPT_HANDLER_HIGH                     bssCOMRAM    000034
_RB5_INTERRUPT_HANDLER_LOW                      bssCOMRAM    000032
_RB5_ISR                                        text57       003702
_RB5_flag                                       dataCOMRAM   00004A
_RB6_INTERRUPT_HANDLER_HIGH                     bssCOMRAM    000030
_RB6_INTERRUPT_HANDLER_LOW                      bssCOMRAM    00002E
_RB6_ISR                                        text56       0036E8
_RB6_flag                                       dataCOMRAM   000049
_RB7_INTERRUPT_HANDLER_HIGH                     bssCOMRAM    00002C
_RB7_INTERRUPT_HANDLER_LOW                      bssCOMRAM    00002A
_RB7_ISR                                        text55       0036CE
_RB7_flag                                       dataCOMRAM   000048
_TRISA                                          (abs)        000F92
_TRISB                                          (abs)        000F93
_TRISC                                          (abs)        000F94
_TRISD                                          (abs)        000F95
_TRISE                                          (abs)        000F96
__HRAM                                          (abs)        000000
__H__absolute__                                 __absolute__ 000000
__Habs1                                         abs1         000000
__Hbank0                                        bank0        000000
__Hbank1                                        bank1        000000
__Hbank10                                       bank10       000000
__Hbank11                                       bank11       000000
__Hbank12                                       bank12       000000
__Hbank13                                       bank13       000000
__Hbank14                                       bank14       000000
__Hbank15                                       bank15       000000
__Hbank2                                        bank2        000000
__Hbank3                                        bank3        000000
__Hbank4                                        bank4        000000
__Hbank5                                        bank5        000000
__Hbank6                                        bank6        000000
__Hbank7                                        bank7        000000
__Hbank8                                        bank8        000000
__Hbank9                                        bank9        000000
__Hbigbss                                       bigbss       000000
__Hbigdata                                      bigdata      000000
__Hbigram                                       bigram       000000
__Hbigsfr                                       bigsfr       000000
__Hbss                                          bss          000000
__HbssBANK0                                     bssBANK0     000000
__HbssBANK1                                     bssBANK1     000000
__HbssCOMRAM                                    bssCOMRAM    000000
__Hcinit                                        cinit        000000
__Hclrtext                                      clrtext      000000
__Hcomram                                       comram       000000
__Hconfig                                       config       30000E
__Hconst                                        const        000000
__HcstackBANK0                                  cstackBANK0  000000
__HcstackBANK1                                  cstackBANK1  000000
__HcstackCOMRAM                                 cstackCOMRAM 000000
__Hdata                                         data         000000
__HdataBANK0                                    dataBANK0    000000
__HdataBANK1                                    dataBANK1    000000
__HdataCOMRAM                                   dataCOMRAM   000000
__Heeprom_data                                  eeprom_data  000000
__Hfarbss                                       farbss       000000
__Hfardata                                      fardata      000000
__Hheap                                         heap         000000
__Hibigdata                                     ibigdata     000000
__Hidata                                        idata        000000
__HidataBANK0                                   idataBANK0   000000
__HidataBANK1                                   idataBANK1   000000
__HidataCOMRAM                                  idataCOMRAM  000000
__Hidloc                                        idloc        000000
__Hifardata                                     ifardata     000000
__Hinit                                         init         000012
__Hintcode                                      intcode      00000E
__Hintcode_body                                 intcode_body 000000
__Hintcodelo                                    intcodelo    00000E
__Hintentry                                     intentry     000000
__Hintret                                       intret       000000
__Hintsave_regs                                 intsave_regs 000000
__Hirdata                                       irdata       000000
__Hmediumconst                                  mediumconst  010000
__HnvFARRAM                                     nvFARRAM     000000
__Hnvbit                                        nvbit        000000
__Hnvrram                                       nvrram       000000
__Hparam                                        rparam       000000
__Hpowerup                                      powerup      00000E
__Hram                                          ram          000000
__Hramtop                                       ramtop       001000
__Hrbit                                         rbit         000000
__Hrbss                                         rbss         000000
__Hrdata                                        rdata        000000
__Hreset_vec                                    reset_vec    000004
__Hrparam                                       rparam       000000
__Hsfr                                          sfr          000000
__Hsmallconst                                   smallconst   000000
__Hspace_0                                      (abs)        010000
__Hspace_1                                      (abs)        00015E
__Hspace_2                                      (abs)        000000
__Hspace_4                                      (abs)        60000E
__Hstack                                        stack        000000
__Hstruct                                       struct       000000
__Htemp                                         temp         000058
__Htext                                         text         000000
__Htext0                                        text0        000000
__Htext1                                        text1        000000
__Htext10                                       text10       000000
__Htext11                                       text11       000000
__Htext12                                       text12       000000
__Htext13                                       text13       000000
__Htext14                                       text14       000000
__Htext15                                       text15       000000
__Htext16                                       text16       000000
__Htext17                                       text17       000000
__Htext18                                       text18       000000
__Htext19                                       text19       000000
__Htext2                                        text2        000000
__Htext20                                       text20       000000
__Htext21                                       text21       000000
__Htext22                                       text22       000000
__Htext23                                       text23       000000
__Htext24                                       text24       000000
__Htext25                                       text25       000000
__Htext26                                       text26       000000
__Htext27                                       text27       000000
__Htext28                                       text28       000000
__Htext29                                       text29       000000
__Htext3                                        text3        000000
__Htext30                                       text30       000000
__Htext31                                       text31       000000
__Htext32                                       text32       000000
__Htext33                                       text33       000000
__Htext34                                       text34       000000
__Htext35                                       text35       000000
__Htext36                                       text36       000000
__Htext37                                       text37       000000
__Htext38                                       text38       000000
__Htext39                                       text39       000000
__Htext4                                        text4        000000
__Htext40                                       text40       000000
__Htext41                                       text41       000000
__Htext42                                       text42       000000
__Htext43                                       text43       000000
__Htext44                                       text44       000000
__Htext45                                       text45       000000
__Htext46                                       text46       000000
__Htext47                                       text47       000000
__Htext48                                       text48       000000
__Htext49                                       text49       000000
__Htext5                                        text5        000000
__Htext50                                       text50       000000
__Htext51                                       text51       000000
__Htext52                                       text52       000000
__Htext53                                       text53       000000
__Htext55                                       text55       000000
__Htext56                                       text56       000000
__Htext57                                       text57       000000
__Htext58                                       text58       000000
__Htext59                                       text59       000000
__Htext6                                        text6        000000
__Htext60                                       text60       000000
__Htext61                                       text61       000000
__Htext62                                       text62       000000
__Htext63                                       text63       000000
__Htext64                                       text64       000000
__Htext65                                       text65       000000
__Htext66                                       text66       000000
__Htext67                                       text67       000000
__Htext68                                       text68       000000
__Htext69                                       text69       000000
__Htext7                                        text7        000000
__Htext70                                       text70       000000
__Htext71                                       text71       000000
__Htext8                                        text8        000000
__Htext9                                        text9        000000
__LRAM                                          (abs)        000001
__L__absolute__                                 __absolute__ 000000
__Labs1                                         abs1         000000
__Lbank0                                        bank0        000000
__Lbank1                                        bank1        000000
__Lbank10                                       bank10       000000
__Lbank11                                       bank11       000000
__Lbank12                                       bank12       000000
__Lbank13                                       bank13       000000
__Lbank14                                       bank14       000000
__Lbank15                                       bank15       000000
__Lbank2                                        bank2        000000
__Lbank3                                        bank3        000000
__Lbank4                                        bank4        000000
__Lbank5                                        bank5        000000
__Lbank6                                        bank6        000000
__Lbank7                                        bank7        000000
__Lbank8                                        bank8        000000
__Lbank9                                        bank9        000000
__Lbigbss                                       bigbss       000000
__Lbigdata                                      bigdata      000000
__Lbigram                                       bigram       000000
__Lbigsfr                                       bigsfr       000000
__Lbss                                          bss          000000
__LbssBANK0                                     bssBANK0     000000
__LbssBANK1                                     bssBANK1     000000
__LbssCOMRAM                                    bssCOMRAM    000000
__Lcinit                                        cinit        000000
__Lclrtext                                      clrtext      000000
__Lcomram                                       comram       000000
__Lconfig                                       config       000000
__Lconst                                        const        000000
__LcstackBANK0                                  cstackBANK0  000000
__LcstackBANK1                                  cstackBANK1  000000
__LcstackCOMRAM                                 cstackCOMRAM 000000
__Ldata                                         data         000000
__LdataBANK0                                    dataBANK0    000000
__LdataBANK1                                    dataBANK1    000000
__LdataCOMRAM                                   dataCOMRAM   000000
__Leeprom_data                                  eeprom_data  000000
__Lfarbss                                       farbss       000000
__Lfardata                                      fardata      000000
__Lheap                                         heap         000000
__Libigdata                                     ibigdata     000000
__Lidata                                        idata        000000
__LidataBANK0                                   idataBANK0   000000
__LidataBANK1                                   idataBANK1   000000
__LidataCOMRAM                                  idataCOMRAM  000000
__Lidloc                                        idloc        000000
__Lifardata                                     ifardata     000000
__Linit                                         init         00000E
__Lintcode                                      intcode      000008
__Lintcode_body                                 intcode_body 000000
__Lintcodelo                                    intcodelo    00000E
__Lintentry                                     intentry     000000
__Lintret                                       intret       000000
__Lintsave_regs                                 intsave_regs 000000
__Lirdata                                       irdata       000000
__Lmediumconst                                  mediumconst  00FEE8
__LnvFARRAM                                     nvFARRAM     000000
__Lnvbit                                        nvbit        000000
__Lnvrram                                       nvrram       000000
__Lparam                                        rparam       000000
__Lpowerup                                      powerup      00000E
__Lram                                          ram          000000
__Lramtop                                       ramtop       001000
__Lrbit                                         rbit         000000
__Lrbss                                         rbss         000000
__Lrdata                                        rdata        000000
__Lreset_vec                                    reset_vec    000000
__Lrparam                                       rparam       000000
__Lsfr                                          sfr          000000
__Lsmallconst                                   smallconst   000000
__Lspace_0                                      (abs)        000000
__Lspace_1                                      (abs)        000000
__Lspace_2                                      (abs)        000000
__Lspace_4                                      (abs)        000000
__Lstack                                        stack        000000
__Lstruct                                       struct       000000
__Ltemp                                         temp         000057
__Ltext                                         text         000000
__Ltext0                                        text0        000000
__Ltext1                                        text1        000000
__Ltext10                                       text10       000000
__Ltext11                                       text11       000000
__Ltext12                                       text12       000000
__Ltext13                                       text13       000000
__Ltext14                                       text14       000000
__Ltext15                                       text15       000000
__Ltext16                                       text16       000000
__Ltext17                                       text17       000000
__Ltext18                                       text18       000000
__Ltext19                                       text19       000000
__Ltext2                                        text2        000000
__Ltext20                                       text20       000000
__Ltext21                                       text21       000000
__Ltext22                                       text22       000000
__Ltext23                                       text23       000000
__Ltext24                                       text24       000000
__Ltext25                                       text25       000000
__Ltext26                                       text26       000000
__Ltext27                                       text27       000000
__Ltext28                                       text28       000000
__Ltext29                                       text29       000000
__Ltext3                                        text3        000000
__Ltext30                                       text30       000000
__Ltext31                                       text31       000000
__Ltext32                                       text32       000000
__Ltext33                                       text33       000000
__Ltext34                                       text34       000000
__Ltext35                                       text35       000000
__Ltext36                                       text36       000000
__Ltext37                                       text37       000000
__Ltext38                                       text38       000000
__Ltext39                                       text39       000000
__Ltext4                                        text4        000000
__Ltext40                                       text40       000000
__Ltext41                                       text41       000000
__Ltext42                                       text42       000000
__Ltext43                                       text43       000000
__Ltext44                                       text44       000000
__Ltext45                                       text45       000000
__Ltext46                                       text46       000000
__Ltext47                                       text47       000000
__Ltext48                                       text48       000000
__Ltext49                                       text49       000000
__Ltext5                                        text5        000000
__Ltext50                                       text50       000000
__Ltext51                                       text51       000000
__Ltext52                                       text52       000000
__Ltext53                                       text53       000000
__Ltext55                                       text55       000000
__Ltext56                                       text56       000000
__Ltext57                                       text57       000000
__Ltext58                                       text58       000000
__Ltext59                                       text59       000000
__Ltext6                                        text6        000000
__Ltext60                                       text60       000000
__Ltext61                                       text61       000000
__Ltext62                                       text62       000000
__Ltext63                                       text63       000000
__Ltext64                                       text64       000000
__Ltext65                                       text65       000000
__Ltext66                                       text66       000000
__Ltext67                                       text67       000000
__Ltext68                                       text68       000000
__Ltext69                                       text69       000000
__Ltext7                                        text7        000000
__Ltext70                                       text70       000000
__Ltext71                                       text71       000000
__Ltext8                                        text8        000000
__Ltext9                                        text9        000000
__S0                                            (abs)        010000
__S1                                            (abs)        00015E
__S4                                            (abs)        000000
__S5                                            (abs)        000000
___awdiv                                        text12       0024F6
___awdiv@counter                                cstackBANK0  0000B0
___awdiv@dividend                               cstackBANK0  0000AC
___awdiv@divisor                                cstackBANK0  0000AE
___awdiv@quotient                               cstackBANK0  0000B2
___awdiv@sign                                   cstackBANK0  0000B1
___awmod                                        text11       0025BC
___awmod@counter                                cstackBANK0  0000B0
___awmod@dividend                               cstackBANK0  0000AC
___awmod@divisor                                cstackBANK0  0000AE
___awmod@sign                                   cstackBANK0  0000B1
___heap_hi                                      (abs)        000000
___heap_lo                                      (abs)        000000
___inthi_sp                                     stack        000000
___inthi_stack_hi                               stack        000000
___inthi_stack_lo                               stack        000000
___intlo_sp                                     stack        000000
___intlo_stack_hi                               stack        000000
___intlo_stack_lo                               stack        000000
___param_bank                                   (abs)        000000
___rparam_used                                  (abs)        000001
___sp                                           stack        000000
___stack_hi                                     stack        000000
___stack_lo                                     stack        000000
__accesstop                                     (abs)        000080
__activetblptr                                  (abs)        000003
__end_of_Application_Initialization             text32       003754
__end_of_Data_EEPROM_ReadByte                   text31       00345A
__end_of_Data_EEPROM_WriteByte                  text21       00331A
__end_of_INT0_ISR                               text61       0035AC
__end_of_INT0_SET_INTERRUPT_HANDLER             text47       0036B4
__end_of_INT0_app_ISR                           text62       001CE0
__end_of_INT1_ISR                               text60       00357E
__end_of_INT1_SET_INTERRUPT_HANDLER             text46       003692
__end_of_INT2_ISR                               text59       003550
__end_of_INT2_SET_INTERRUPT_HANDLER             text45       003670
__end_of_INTERRUPT_INTx_clear_flag              text53       002CF4
__end_of_INTERRUPT_INTx_disable                 text52       002C84
__end_of_INTERRUPT_INTx_edge_int                text51       001F2A
__end_of_INTERRUPT_INTx_enable                  text50       002B9E
__end_of_INTERRUPT_INTx_pin_int                 text48       003522
__end_of_INTERRUPT_MANAGER_HIGH                 intcode_body 001974
__end_of_INTERRUPT_SET_INTERRUPT_HANDLER        text44       002858
__end_of_Interrupt_INTx_Init                    text43       002FCE
__end_of_RB4_ISR                                text58       003736
__end_of_RB5_ISR                                text57       00371C
__end_of_RB6_ISR                                text56       003702
__end_of_RB7_ISR                                text55       0036E8
__end_of___awdiv                                text12       0025BC
__end_of___awmod                                text11       00266E
__end_of__initialization                        cinit        002A06
__end_of_abs                                    text10       003490
__end_of_change_password                        text18       000F30
__end_of_check_entered_password                 text30       00242A
__end_of_comparing_password                     text22       002B22
__end_of_convert_byte_to_string                 text4        003196
__end_of_ecu_dc_motor_initialize                text40       003602
__end_of_ecu_dc_motor_move_left                 text17       0034F4
__end_of_ecu_dc_motor_stop                      text16       0034C2
__end_of_ecu_keypad_get_value                   text28       00234C
__end_of_ecu_keypad_initialize                  text39       00302C
__end_of_ecu_layer_Initialization               text33       003362
__end_of_ecu_led_initialize                     text38       002E3A
__end_of_ecu_led_turn_off                       text15       002DD0
__end_of_ecu_led_turn_on                        text14       002D62
__end_of_entering_password                      text3        000618
__end_of_fputc                                  text8        0024F6
__end_of_get_password                           text23       00168E
__end_of_gpio_pin_direction_initialize          text49       001E0C
__end_of_gpio_pin_initialize                    text41       002F6E
__end_of_gpio_pin_read_logic                    text29       002714
__end_of_gpio_pin_write_logic                   text42       002040
__end_of_initialize_var                         text2        00374E
__end_of_lcd_4bit_initialize                    text34       002250
__end_of_lcd_4bit_send_char_data                text27       002EA2
__end_of_lcd_4bit_send_char_data_pos            text25       0033E8
__end_of_lcd_4bit_send_command                  text35       002F0A
__end_of_lcd_4bit_send_enable_enable            text37       0035D8
__end_of_lcd_4bit_send_string_pos               text24       002982
__end_of_lcd_4bit_set_curser                    text26       0027B6
__end_of_lcd_send_4bit                          text36       00313E
__end_of_main                                   text0        0012EA
__end_of_memset                                 text13       003422
__end_of_password_confirmation                  text19       000ACE
__end_of_putch                                  text9        003756
__end_of_save_password                          text20       0032D2
__end_of_sprintf                                text5        0031EA
__end_of_vfpfcnvrt                              text7        001B70
__end_of_vfprintf                               text6        00323A
__end_of_welcome_msg                            text1        002C14
__end_ofi2_Data_EEPROM_WriteByte                text70       0033A6
__end_ofi2_gpio_pin_write_logic                 text69       002150
__end_ofi2_lcd_4bit_send_char_data              text66       0030E4
__end_ofi2_lcd_4bit_send_command                text65       003088
__end_ofi2_lcd_4bit_send_enable_enable          text68       003628
__end_ofi2_lcd_4bit_send_string_pos             text63       002A9C
__end_ofi2_lcd_4bit_set_curser                  text64       0028F0
__end_ofi2_lcd_send_4bit                        text67       00328A
__initialization                                cinit        002982
__mediumconst                                   mediumconst  00FEE8
__pbssBANK0                                     bssBANK0     000080
__pbssBANK1                                     bssBANK1     000124
__pbssCOMRAM                                    bssCOMRAM    00002A
__pcinit                                        cinit        002982
__pcstackBANK0                                  cstackBANK0  0000AC
__pcstackBANK1                                  cstackBANK1  000100
__pcstackCOMRAM                                 cstackCOMRAM 000001
__pdataBANK0                                    dataBANK0    0000D6
__pdataBANK1                                    dataBANK1    000144
__pdataCOMRAM                                   dataCOMRAM   000048
__pidataBANK0                                   idataBANK0   003628
__pidataBANK1                                   idataBANK1   0036B4
__pidataCOMRAM                                  idataCOMRAM  003736
__pintcode                                      intcode      000008
__pintcode_body                                 intcode_body 00168E
__pmediumconst                                  mediumconst  00FEE8
__ptext0                                        text0        000F30
__ptext1                                        text1        002B9E
__ptext10                                       text10       00345A
__ptext11                                       text11       0025BC
__ptext12                                       text12       0024F6
__ptext13                                       text13       0033E8
__ptext14                                       text14       002CF4
__ptext15                                       text15       002D62
__ptext16                                       text16       003490
__ptext17                                       text17       0034C2
__ptext18                                       text18       000ACE
__ptext19                                       text19       000618
__ptext2                                        text2        003746
__ptext20                                       text20       00328A
__ptext21                                       text21       0032D2
__ptext22                                       text22       002A9C
__ptext23                                       text23       0012EA
__ptext24                                       text24       0028F0
__ptext25                                       text25       0033A6
__ptext26                                       text26       002714
__ptext27                                       text27       002E3A
__ptext28                                       text28       002250
__ptext29                                       text29       00266E
__ptext3                                        text3        000012
__ptext30                                       text30       00234C
__ptext31                                       text31       003422
__ptext32                                       text32       00374E
__ptext33                                       text33       00331A
__ptext34                                       text34       002150
__ptext35                                       text35       002EA2
__ptext36                                       text36       0030E4
__ptext37                                       text37       0035AC
__ptext38                                       text38       002DD0
__ptext39                                       text39       002FCE
__ptext4                                        text4        00313E
__ptext40                                       text40       0035D8
__ptext41                                       text41       002F0A
__ptext42                                       text42       001F2A
__ptext43                                       text43       002F6E
__ptext44                                       text44       0027B6
__ptext45                                       text45       00364E
__ptext46                                       text46       003670
__ptext47                                       text47       003692
__ptext48                                       text48       0034F4
__ptext49                                       text49       001CE0
__ptext5                                        text5        003196
__ptext50                                       text50       002B22
__ptext51                                       text51       001E0C
__ptext52                                       text52       002C14
__ptext53                                       text53       002C84
__ptext55                                       text55       0036CE
__ptext56                                       text56       0036E8
__ptext57                                       text57       003702
__ptext58                                       text58       00371C
__ptext59                                       text59       003522
__ptext6                                        text6        0031EA
__ptext60                                       text60       003550
__ptext61                                       text61       00357E
__ptext62                                       text62       001B70
__ptext63                                       text63       002A10
__ptext64                                       text64       002858
__ptext65                                       text65       00302C
__ptext66                                       text66       003088
__ptext67                                       text67       00323A
__ptext68                                       text68       003602
__ptext69                                       text69       002040
__ptext7                                        text7        001974
__ptext70                                       text70       003362
__ptext71                                       text71       000000
__ptext8                                        text8        00242A
__ptext9                                        text9        003754
__ramtop                                        ramtop       001000
__smallconst                                    smallconst   000000
_abs                                            text10       00345A
_btn1                                           dataBANK0    0000EA
_buzzer                                         dataCOMRAM   000054
_change_password                                text18       000ACE
_check_entered_password                         text30       00234C
_comparing_password                             text22       002A9C
_convert_byte_to_string                         text4        00313E
_dbuf                                           bssBANK1     000124
_ecu_dc_motor_initialize                        text40       0035D8
_ecu_dc_motor_move_left                         text17       0034C2
_ecu_dc_motor_stop                              text16       003490
_ecu_keypad_get_value                           text28       002250
_ecu_keypad_initialize                          text39       002FCE
_ecu_layer_Initialization                       text33       00331A
_ecu_led_initialize                             text38       002DD0
_ecu_led_turn_off                               text15       002D62
_ecu_led_turn_on                                text14       002CF4
_enterd_pass_num_digits                         bssBANK0     0000A6
_entered_password                               bssBANK0     00008D
_entering_password                              text3        000012
_flags                                          bssCOMRAM    000040
_fputc                                          text8        00242A
_get_password                                   text23       0012EA
_gpio_pin_direction_initialize                  text49       001CE0
_gpio_pin_initialize                            text41       002F0A
_gpio_pin_read_logic                            text29       00266E
_gpio_pin_write_logic                           text42       001F2A
_green_led                                      dataCOMRAM   000055
_initialize_var                                 text2        003746
_keypad                                         dataBANK0    0000ED
_keypad_value                                   bssBANK0     0000AB
_keypad_values                                  dataBANK1    000144
_lat_registers                                  dataBANK0    0000D6
_lcd1                                           dataCOMRAM   00004C
_lcd_4bit_initialize                            text34       002150
_lcd_4bit_send_char_data                        text27       002E3A
_lcd_4bit_send_char_data_pos                    text25       0033A6
_lcd_4bit_send_command                          text35       002EA2
_lcd_4bit_send_enable_enable                    text37       0035AC
_lcd_4bit_send_string_pos                       text24       0028F0
_lcd_4bit_set_curser                            text26       002714
_lcd_send_4bit                                  text36       0030E4
_main                                           text0        000F30
_memset                                         text13       0033E8
_motor1                                         dataCOMRAM   000052
_pass_check                                     bssBANK0     0000AA
_pass_confirm_num_digits                        bssBANK0     0000A7
_pass_num_digits                                bssBANK0     0000A8
_password                                       bssBANK0     00009D
_password_confirm                               bssBANK0     000095
_password_confirmation                          text19       000618
_port_registers                                 dataBANK1    000154
_prec                                           bssBANK0     000082
_putch                                          text9        003754
_red_led                                        dataCOMRAM   000056
_save_password                                  text20       00328A
_selected_mode                                  bssBANK0     000084
_sprintf                                        text5        003196
_stored_pass_num_digits                         bssBANK0     0000A5
_stored_password                                bssBANK0     000085
_tris_registers                                 dataBANK0    0000E0
_user_statue                                    bssBANK0     0000A9
_vfpfcnvrt                                      text7        001974
_vfprintf                                       text6        0031EA
_welcome_msg                                    text1        002B9E
_width                                          bssBANK0     000080
abs@a                                           cstackBANK0  0000B2
btemp                                           temp         000057
change_password@comparing_result                cstackBANK0  0000D3
change_password@counter                         cstackBANK0  0000D4
change_password@lcd_counter                     cstackBANK0  0000D2
change_password@new_pass                        cstackBANK1  000106
change_password@new_pass_Digits                 cstackBANK1  000107
change_password@new_pass_confirm                cstackBANK1  000109
change_password@new_pass_confirm_Digits         cstackBANK1  00010A
change_password@old_pass                        cstackBANK1  000100
change_password@old_pass_didits                 cstackBANK1  000101
change_password@stored_password                 cstackBANK1  000103
change_password@stored_password_digits          cstackBANK1  000104
check_entered_password@comparing_counter        cstackBANK0  0000B9
check_entered_password@entered_pass             cstackBANK0  0000AF
check_entered_password@entered_pass_digits      cstackBANK0  0000B0
check_entered_password@helper_counter           cstackBANK0  0000BA
check_entered_password@result                   cstackBANK0  0000B5
check_entered_password@stored_pass              cstackBANK0  0000B2
check_entered_password@stored_pass_digits       cstackBANK0  0000B3
comparing_password@comparing_counter            cstackBANK0  0000B5
comparing_password@pass                         cstackBANK0  0000AC
comparing_password@pass_confirm                 cstackBANK0  0000AF
comparing_password@pass_confirm_digits          cstackBANK0  0000B0
comparing_password@pass_digits                  cstackBANK0  0000AD
comparing_password@result                       cstackBANK0  0000B2
convert_byte_to_string@str                      cstackBANK1  00010D
convert_byte_to_string@value                    cstackBANK0  0000D3
ecu_dc_motor_initialize@dc_motor                cstackBANK0  0000B7
ecu_dc_motor_move_left@dc_motor                 cstackBANK0  0000B4
ecu_dc_motor_stop@dc_motor                      cstackBANK0  0000B4
ecu_keypad_get_value@clear_rows_counter         cstackBANK0  0000B9
ecu_keypad_get_value@column_val                 cstackBANK0  0000B8
ecu_keypad_get_value@columns                    cstackBANK0  0000BB
ecu_keypad_get_value@keypad                     cstackBANK0  0000B4
ecu_keypad_get_value@rows                       cstackBANK0  0000BA
ecu_keypad_get_value@value                      cstackBANK0  0000B5
ecu_keypad_initialize@columns                   cstackBANK0  0000B9
ecu_keypad_initialize@keypad                    cstackBANK0  0000B7
ecu_keypad_initialize@rows                      cstackBANK0  0000B8
ecu_led_initialize@F3059                        bssCOMRAM    000047
ecu_led_initialize@led                          cstackBANK0  0000B7
ecu_led_initialize@led_pin                      cstackBANK0  0000B9
ecu_led_turn_off@F3069                          bssCOMRAM    000045
ecu_led_turn_off@led                            cstackBANK0  0000B4
ecu_led_turn_off@led_pin                        cstackBANK0  0000B6
ecu_led_turn_on@F3064                           bssCOMRAM    000046
ecu_led_turn_on@led                             cstackBANK0  0000B4
ecu_led_turn_on@led_pin                         cstackBANK0  0000B6
ecu_led_turn_toggle@F3074                       bssCOMRAM    000044
ecu_relay_initialize@F3053                      bssCOMRAM    000043
ecu_relay_off@F3063                             bssCOMRAM    000041
ecu_relay_on@F3058                              bssCOMRAM    000042
end_of_initialization                           cinit        002A06
entering_password@comparing_result              cstackBANK1  000119
entering_password@counter                       cstackBANK1  00011B
entering_password@lcd_counter                   cstackBANK1  00011A
entering_password@pass_entered                  cstackBANK1  00010F
entering_password@pass_entered_didits           cstackBANK1  000110
entering_password@stored_password               cstackBANK1  000111
entering_password@stored_password_digits        cstackBANK1  000112
entering_password@str                           cstackBANK1  000114
entering_password@user_statue                   cstackBANK1  000113
entering_password@wrong_counter                 cstackBANK1  000118
fputc@c                                         cstackBANK0  0000AC
fputc@fp                                        cstackBANK0  0000AE
get_password@counter                            cstackBANK0  0000CB
get_password@lcd_counter                        cstackBANK0  0000CA
get_password@pass                               cstackBANK0  0000C5
get_password@pass_didits                        cstackBANK0  0000C6
gpio_pin_direction_initialize@_pin_config       cstackBANK0  0000AC
gpio_pin_direction_initialize@ret               cstackBANK0  0000B2
gpio_pin_initialize@_pin_config                 cstackBANK0  0000B4
gpio_pin_initialize@ret                         cstackBANK0  0000B6
gpio_pin_read_logic@_pin_config                 cstackBANK0  0000AC
gpio_pin_read_logic@logic                       cstackBANK0  0000AD
gpio_pin_write_logic@_pin_config                cstackBANK0  0000AC
gpio_pin_write_logic@logic                      cstackBANK0  0000AD
gpio_pin_write_logic@ret                        cstackBANK0  0000B3
i2Data_EEPROM_WriteByte@GLOBAL_INTERRUPT_STATUS cstackCOMRAM 000004
i2Data_EEPROM_WriteByte@bData                   cstackCOMRAM 000003
i2Data_EEPROM_WriteByte@badd                    cstackCOMRAM 000001
i2_Data_EEPROM_WriteByte                        text70       003362
i2_gpio_pin_write_logic                         text69       002040
i2_lcd_4bit_send_char_data                      text66       003088
i2_lcd_4bit_send_command                        text65       00302C
i2_lcd_4bit_send_enable_enable                  text68       003602
i2_lcd_4bit_send_string_pos                     text63       002A10
i2_lcd_4bit_set_curser                          text64       002858
i2_lcd_send_4bit                                text67       00323A
i2gpio_pin_write_logic@_pin_config              cstackCOMRAM 000001
i2gpio_pin_write_logic@logic                    cstackCOMRAM 000002
i2gpio_pin_write_logic@ret                      cstackCOMRAM 000008
i2lcd_4bit_send_char_data@data                  cstackCOMRAM 00000D
i2lcd_4bit_send_char_data@lcd                   cstackCOMRAM 00000C
i2lcd_4bit_send_char_data@ret                   cstackCOMRAM 00000E
i2lcd_4bit_send_command@command                 cstackCOMRAM 00000D
i2lcd_4bit_send_command@lcd                     cstackCOMRAM 00000C
i2lcd_4bit_send_command@ret                     cstackCOMRAM 00000E
i2lcd_4bit_send_enable_enable@lcd               cstackCOMRAM 000009
i2lcd_4bit_send_enable_enable@ret               cstackCOMRAM 00000A
i2lcd_4bit_send_string_pos@column               cstackCOMRAM 000017
i2lcd_4bit_send_string_pos@lcd                  cstackCOMRAM 000015
i2lcd_4bit_send_string_pos@row                  cstackCOMRAM 000016
i2lcd_4bit_send_string_pos@str                  cstackCOMRAM 000018
i2lcd_4bit_set_curser@column                    cstackCOMRAM 000011
i2lcd_4bit_set_curser@lcd                       cstackCOMRAM 00000F
i2lcd_4bit_set_curser@ret                       cstackCOMRAM 000014
i2lcd_4bit_set_curser@row                       cstackCOMRAM 000010
i2lcd_send_4bit@command_data                    cstackCOMRAM 00000A
i2lcd_send_4bit@lcd                             cstackCOMRAM 000009
i2lcd_send_4bit@ret                             cstackCOMRAM 00000B
int$flags                                       temp         000057
int_func                                        intcode_body 00168E
intlevel0                                       text         000000
intlevel1                                       text         000000
intlevel2                                       text         000000
intlevel3                                       text         000000
isa$std                                         (abs)        000001
isa$xinst                                       (abs)        000000
lcd_4bit_initialize@counter                     cstackBANK0  0000BC
lcd_4bit_initialize@lcd                         cstackBANK0  0000BA
lcd_4bit_initialize@ret                         cstackBANK0  0000BD
lcd_4bit_send_char_data@data                    cstackBANK0  0000B8
lcd_4bit_send_char_data@lcd                     cstackBANK0  0000B7
lcd_4bit_send_char_data@ret                     cstackBANK0  0000B9
lcd_4bit_send_char_data_pos@column              cstackBANK0  0000C2
lcd_4bit_send_char_data_pos@data                cstackBANK0  0000C3
lcd_4bit_send_char_data_pos@lcd                 cstackBANK0  0000C0
lcd_4bit_send_char_data_pos@ret                 cstackBANK0  0000C4
lcd_4bit_send_char_data_pos@row                 cstackBANK0  0000C1
lcd_4bit_send_command@command                   cstackBANK0  0000B8
lcd_4bit_send_command@lcd                       cstackBANK0  0000B7
lcd_4bit_send_command@ret                       cstackBANK0  0000B9
lcd_4bit_send_enable_enable@lcd                 cstackBANK0  0000B4
lcd_4bit_send_enable_enable@ret                 cstackBANK0  0000B5
lcd_4bit_send_string_pos@column                 cstackBANK0  0000C2
lcd_4bit_send_string_pos@lcd                    cstackBANK0  0000C0
lcd_4bit_send_string_pos@row                    cstackBANK0  0000C1
lcd_4bit_send_string_pos@str                    cstackBANK0  0000C3
lcd_4bit_set_curser@column                      cstackBANK0  0000BC
lcd_4bit_set_curser@lcd                         cstackBANK0  0000BA
lcd_4bit_set_curser@ret                         cstackBANK0  0000BF
lcd_4bit_set_curser@row                         cstackBANK0  0000BB
lcd_send_4bit@command_data                      cstackBANK0  0000B5
lcd_send_4bit@lcd                               cstackBANK0  0000B4
lcd_send_4bit@ret                               cstackBANK0  0000B6
memset@c                                        cstackBANK0  0000AE
memset@dest                                     cstackBANK0  0000AC
memset@n                                        cstackBANK0  0000B0
memset@p                                        cstackBANK0  0000B2
password_confirmation@comparing_result          cstackBANK0  0000CE
password_confirmation@counter                   cstackBANK0  0000CF
password_confirmation@lcd_counter               cstackBANK0  0000CD
password_confirmation@pass                      cstackBANK0  0000C5
password_confirmation@pass_confirm              cstackBANK0  0000C8
password_confirmation@pass_confirm_didits       cstackBANK0  0000C9
password_confirmation@pass_didits               cstackBANK0  0000C6
save_password@counter                           cstackBANK0  0000B1
save_password@pass                              cstackBANK0  0000B0
sprintf@ap                                      cstackBANK1  000100
sprintf@f                                       cstackBANK1  000101
sprintf@fmt                                     cstackBANK0  0000CF
sprintf@s                                       cstackBANK0  0000CD
stackhi                                         (abs)        000000
stacklo                                         (abs)        000000
start                                           init         00000E
start_initialization                            cinit        002982
ttemp5                                          temp         000058
ttemp6                                          temp         00005B
ttemp7                                          temp         00005F
vfpfcnvrt@ap                                    cstackBANK0  0000B9
vfpfcnvrt@c                                     cstackBANK0  0000C4
vfpfcnvrt@convarg                               cstackBANK0  0000C0
vfpfcnvrt@cp                                    cstackBANK0  0000BE
vfpfcnvrt@done                                  cstackBANK0  0000BD
vfpfcnvrt@fmt                                   cstackBANK0  0000B8
vfpfcnvrt@fp                                    cstackBANK0  0000B6
vfprintf@ap                                     cstackBANK0  0000C9
vfprintf@cfmt                                   cstackBANK0  0000CB
vfprintf@fmt                                    cstackBANK0  0000C7
vfprintf@fp                                     cstackBANK0  0000C5
wtemp8                                          temp         000058


MODULE INFORMATION

Module		Function		Class		Link	Load	Size
MCAL_layer/Interrupt/mcal_interrupt_manager.c
		_INTERRUPT_MANAGER_HIGH		CODE           	0008	0000	748

MCAL_layer/Interrupt/mcal_interrupt_manager.c estimated size: 748

MCAL_layer/Interrupt/mcal_external_interrupt.c
		_INTERRUPT_SET_INTERRUPT_HANDLER		CODE           	27B6	0000	162
		_INTERRUPT_INTx_enable		CODE           	2B22	0000	124
		_INT0_SET_INTERRUPT_HANDLER		CODE           	3692	0000	34
		_RB4_ISR       		CODE           	371C	0000	26
		_RB5_ISR       		CODE           	3702	0000	26
		_INT1_SET_INTERRUPT_HANDLER		CODE           	3670	0000	34
		_RB6_ISR       		CODE           	36E8	0000	26
		_INTERRUPT_INTx_pin_int		CODE           	34F4	0000	46
		_RB7_ISR       		CODE           	36CE	0000	26
		_INT2_SET_INTERRUPT_HANDLER		CODE           	364E	0000	34
		_INTERRUPT_INTx_edge_int		CODE           	1E0C	0000	286
		_INTERRUPT_INTx_disable		CODE           	2C14	0000	112
		_Interrupt_INTx_Init		CODE           	2F6E	0000	96
		_INT0_ISR      		CODE           	357E	0000	46
		_INT1_ISR      		CODE           	3550	0000	46
		_INTERRUPT_INTx_clear_flag		CODE           	2C84	0000	112
		_INT2_ISR      		CODE           	3522	0000	46

MCAL_layer/Interrupt/mcal_external_interrupt.c estimated size: 1282

ECU_layer/chr_LCD/ecu_chr_LCD.c
		_lcd_4bit_send_enable_enable		CODE           	35AC	0000	44
		_lcd_send_4bit 		CODE           	30E4	0000	90
		_lcd_4bit_send_command		CODE           	2EA2	0000	104
		_lcd_4bit_send_string_pos		CODE           	28F0	0000	146
		_lcd_4bit_set_curser		CODE           	2714	0000	162
		_lcd_4bit_send_char_data		CODE           	2E3A	0000	104
		_lcd_4bit_send_char_data_pos		CODE           	33A6	0000	66
		_convert_byte_to_string		CODE           	313E	0000	88
		_lcd_4bit_initialize		CODE           	2150	0000	256

ECU_layer/chr_LCD/ecu_chr_LCD.c estimated size: 1060

MCAL_layer/GPIO/hal_gpio.c
		_gpio_pin_write_logic		CODE           	1F2A	0000	278
		_gpio_pin_read_logic		CODE           	266E	0000	166
		_gpio_pin_direction_initialize		CODE           	1CE0	0000	300
		_gpio_pin_initialize		CODE           	2F0A	0000	100

MCAL_layer/GPIO/hal_gpio.c estimated size: 844

MCAL_layer/EEPROM/hal_eeprom.c
		_Data_EEPROM_ReadByte		CODE           	3422	0000	56
		_Data_EEPROM_WriteByte		CODE           	32D2	0000	72

MCAL_layer/EEPROM/hal_eeprom.c estimated size: 128

ECU_layer/Keypad/ecu_keypad.c
		_ecu_keypad_get_value		CODE           	2250	0000	252
		_ecu_keypad_initialize		CODE           	2FCE	0000	94

ECU_layer/Keypad/ecu_keypad.c estimated size: 346

ECU_layer/ecu_layer_init.c
		_INT0_app_ISR  		CODE           	1B70	0000	368
		_ecu_layer_Initialization		CODE           	331A	0000	72

ECU_layer/ecu_layer_init.c estimated size: 440

Helper_functions/helper_fn.c
		_initialize_var		CODE           	3746	0000	8
		_check_entered_password		CODE           	234C	0000	222
		_get_password  		CODE           	12EA	0000	932
		_change_password		CODE           	0ACE	0000	1122
		_comparing_password		CODE           	2A9C	0000	134
		_welcome_msg   		CODE           	2B9E	0000	118
		_entering_password		CODE           	0012	0000	1542
		_save_password 		CODE           	328A	0000	72
		_password_confirmation		CODE           	0618	0000	1206

Helper_functions/helper_fn.c estimated size: 5356

C:\Program Files\Microchip\xc8\v2.45\pic\sources\c99\common\nf_sprintf.c
		_sprintf       		CODE           	3196	0000	84

C:\Program Files\Microchip\xc8\v2.45\pic\sources\c99\common\nf_sprintf.c estimated size: 84

C:\Program Files\Microchip\xc8\v2.45\pic\sources\c99\common\awmod.c
		___awmod       		CODE           	25BC	0000	178

C:\Program Files\Microchip\xc8\v2.45\pic\sources\c99\common\awmod.c estimated size: 178

C:\Program Files\Microchip\xc8\v2.45\pic\sources\c99\common\putch.c
		_putch         		CODE           	3754	0000	2

C:\Program Files\Microchip\xc8\v2.45\pic\sources\c99\common\putch.c estimated size: 2

shared
		i2_lcd_4bit_send_char_data		CODE           	3088	0000	92
		i2_lcd_4bit_send_command		CODE           	302C	0000	92
		i2_lcd_send_4bit		CODE           	323A	0000	80
		i2_lcd_4bit_send_enable_enable		CODE           	3602	0000	38
		__initialization		CODE           	2982	0000	132
		i2_lcd_4bit_set_curser		CODE           	2858	0000	152
		i2_Data_EEPROM_WriteByte		CODE           	3362	0000	68
		i2_gpio_pin_write_logic		CODE           	2040	0000	272
		i2_lcd_4bit_send_string_pos		CODE           	2A10	0000	140

shared estimated size: 1066

C:\Program Files\Microchip\xc8\v2.45\pic\sources\c99\common\abs.c
		_abs           		CODE           	345A	0000	54

C:\Program Files\Microchip\xc8\v2.45\pic\sources\c99\common\abs.c estimated size: 54

ECU_layer/LED/ecu_led.c
		_ecu_led_turn_on		CODE           	2CF4	0000	110
		_ecu_led_initialize		CODE           	2DD0	0000	106
		_ecu_led_turn_off		CODE           	2D62	0000	110

ECU_layer/LED/ecu_led.c estimated size: 326

ECU_layer/DC_motor/ecu_DC_motor.c
		_ecu_dc_motor_move_left		CODE           	34C2	0000	50
		_ecu_dc_motor_stop		CODE           	3490	0000	50
		_ecu_dc_motor_initialize		CODE           	35D8	0000	42

ECU_layer/DC_motor/ecu_DC_motor.c estimated size: 142

C:\Program Files\Microchip\xc8\v2.45\pic\sources\c99\common\memset.c
		_memset        		CODE           	33E8	0000	58

C:\Program Files\Microchip\xc8\v2.45\pic\sources\c99\common\memset.c estimated size: 58

application.c
		_main          		CODE           	0F30	0000	954
		_Application_Initialization		CODE           	374E	0000	6

application.c estimated size: 960

C:\Program Files\Microchip\xc8\v2.45\pic\sources\c99\common\nf_fputc.c
		_fputc         		CODE           	242A	0000	204

C:\Program Files\Microchip\xc8\v2.45\pic\sources\c99\common\nf_fputc.c estimated size: 204

C:\Program Files\Microchip\xc8\v2.45\pic\sources\c99\common\doprnt.c
		_vfpfcnvrt     		CODE           	1974	0000	508
		_vfprintf      		CODE           	31EA	0000	80

C:\Program Files\Microchip\xc8\v2.45\pic\sources\c99\common\doprnt.c estimated size: 588

C:\Program Files\Microchip\xc8\v2.45\pic\sources\c99\common\awdiv.c
		___awdiv       		CODE           	24F6	0000	198

C:\Program Files\Microchip\xc8\v2.45\pic\sources\c99\common\awdiv.c estimated size: 198

