Microchip MPLAB XC8 Compiler V2.45

Linker command line:

-W-3 \
  --edf=C:\Program Files\Microchip\xc8\v2.45\pic\dat\20230818022343_en.msgs \
  -cn -h+dist/default/debug\Safe_locker.debug.sym \
  --cmf=dist/default/debug\Safe_locker.debug.cmf -z -Q18F4620 \
  -oC:\Users\Blu-Ray\AppData\Local\Temp\xcAsj98.\driver_tmp_3.o \
  --defsym=__MPLAB_BUILD=1 --fixupoverflow=error \
  -Mdist/default/debug/Safe_locker.debug.map \
  --md=C:\Users\Blu-Ray\AppData\Local\Temp\xcAsj98.\driver_tmp_0.dat -E1 \
  -ver=XC8 Compiler --acfsm=1493 -ACODE=00h-0FFFFh -ACONST=00h-0FFFFh \
  -ASMALLCONST=01000h-010FFhx240 -AMEDIUMCONST=01000h-0FFFFh \
  -ACOMRAM=01h-07Fh -AABS1=00h-0F7Fh -ABIGRAM=01h-0F7Fh \
  -ARAM=080h-0FFh,0100h-01FFhx14,0F00h-0F7Fh -ABANK0=080h-0FFh \
  -ABANK1=0100h-01FFh -ABANK2=0200h-02FFh -ABANK3=0300h-03FFh \
  -ABANK4=0400h-04FFh -ABANK5=0500h-05FFh -ABANK6=0600h-06FFh \
  -ABANK7=0700h-07FFh -ABANK8=0800h-08FFh -ABANK9=0900h-09FFh \
  -ABANK10=0A00h-0AFFh -ABANK11=0B00h-0BFFh -ABANK12=0C00h-0CFFh \
  -ABANK13=0D00h-0DFFh -ABANK14=0E00h-0EFFh -ABANK15=0F00h-0F7Fh \
  -ASFR=0F80h-0FFFh -ABIGSFR=0F80h-0FFFh -ACONFIG=0300000h-030000Dh \
  -AIDLOC=0200000h-0200007h -AEEDATA=0F00000h-0F003FFh -peeprom_data=EEDATA \
  -preset_vec=00h,intcode=08h,intcodelo,powerup,init -pramtop=01000h \
  -psmallconst=SMALLCONST -pmediumconst=MEDIUMCONST -pconst=CONST \
  -AFARRAM=00h-00h \
  -prdata=COMRAM,nvrram=COMRAM,nvbit=COMRAM,rbss=COMRAM,rbit=COMRAM \
  -pfarbss=FARRAM,fardata=FARRAM,nvFARRAM=FARRAM \
  -pintsave_regs=BIGRAM,bigbss=BIGRAM,bigdata=BIGRAM -pbss=RAM \
  -pidata=CODE,irdata=CODE,ibigdata=CODE,ifardata=CODE -prparam=COMRAM \
  C:\Users\Blu-Ray\AppData\Local\Temp\xcAsj98.\driver_tmp_14.o \
  dist/default/debug\Safe_locker.debug.o 

Object code version is 3.11

Machine type is 18F4620



                Name                               Link     Load   Length Selector   Space Scale
C:\Users\Blu-Ray\AppData\Local\Temp\xcAsj98.\driver_tmp_14.o
                config                           300000   300000        E        0       4
                init                                  E        E        4        4       0
                reset_vec                             0        0        4        0       0
dist/default/debug\Safe_locker.debug.o
                intcode                               8        8        6        4       0
                config                           300000   300000        E        0       4
                temp                                 58       58        1        1       1
                mediumconst                        FEE8     FEE8      118     7F74       0
                text69                             3360     3360       44        4       0
                text68                             2034     2034      110        4       0
                text67                             3630     3630       26     1A91       0
                text66                             3234     3234       50        4       0
                text65                             3086     3086       5C        4       0
                text64                             302A     302A       5C        4       0
                text63                             2850     2850       98        4       0
                text62                             2A94     2A94       8C        4       0
                text61                             1B64     1B64      170        4       0
                text60                             35AC     35AC       2E     1A91       0
                text59                             357E     357E       2E     1A91       0
                text58                             3550     3550       2E     1A91       0
                text57                             370A     370A       1A     1A91       0
                text56                             36F0     36F0       1A     1A91       0
                text55                             36D6     36D6       1A     1A91       0
                text54                             36BC     36BC       1A     1A91       0
                intcode_body                       1674     1674      2E6        4       0
                text52                             2C82     2C82       70        4       0
                text51                             2C12     2C12       70        4       0
                text50                             1E00     1E00      11E        4       0
                text49                             2B20     2B20       7C        4       0
                text48                             1CD4     1CD4      12C        4       0
                text47                             3522     3522       2E     1A91       0
                text46                             369A     369A       22     1A91       0
                text45                             3678     3678       22     1A91       0
                text44                             3656     3656       22     1A91       0
                text43                             2710     2710       A2        4       0
                text42                             2F6C     2F6C       60        4       0
                text41                             1F1E     1F1E      116        4       0
                text40                             2F08     2F08       64        4       0
                text39                             3606     3606       2A     1A91       0
                text38                             2FCC     2FCC       5E        4       0
                text37                             2DCE     2DCE       6A        4       0
                text36                             35DA     35DA       2C     1A91       0
                text35                             30E2     30E2       5A        4       0
                text34                             2EA0     2EA0       68        4       0
                text33                             2144     2144      100        4       0
                text32                             3318     3318       48        4       0
                text31                             3744     3744        6     1BA2       0
                text30                             3420     3420       38        4       0
                text29                             2340     2340       EA        4       0
                text28                             27B2     27B2       9E        4       0
                text27                             2244     2244       FC        4       0
                text26                             2E38     2E38       68        4       0
                text25                             266E     266E       A2        4       0
                text24                             33A4     33A4       42        4       0
                text23                             28E8     28E8       92        4       0
                text22                              F58      F58      3C6        4       0
                text21                             2A08     2A08       8C        4       0
                text20                             32D0     32D0       48        4       0
                text19                             3284     3284       4C        4       0
                text18                              62A      62A      4C8        4       0
                text17                              AF2      AF2      466        4       0
                text16                             34C0     34C0       32        4       0
                text15                             348E     348E       32        4       0
                text14                             2D60     2D60       6E        4       0
                text13                             2CF2     2CF2       6E        4       0
                text12                             33E6     33E6       3A        4       0
                text11                             24F6     24F6       C6        4       0
                text10                             25BC     25BC       B2        4       0
                text9                              3458     3458       36        4       0
                text8                              374A     374A        2     1BA2       0
                text7                              242A     242A       CC        4       0
                text6                              195A     195A      20A        4       0
                text5                              31E4     31E4       50        4       0
                text4                              3192     3192       52        4       0
                text3                              313C     313C       56        4       0
                text2                                12       12      618        4       0
                text1                              2B9C     2B9C       76        4       0
                text0                              131E     131E      356        4       0
                cstackCOMRAM                          1        1       29        1       1
                cstackBANK0                          DA       DA       26       80       1
                cstackBANK1                         100      100       21      100       1
                dataBANK1                           141      141       10      100       1
                bssBANK1                            121      121       20      100       1
                dataBANK0                            80       80       2F       80       1
                bssBANK0                             AF       AF       2B       80       1
                dataCOMRAM                           49       49        F        1       1
                bssCOMRAM                            2A       2A       1F        1       1
                cinit                              297A     297A       8E        4       0
                idataBANK1                         3724     3724       10     1A91       0
                idataBANK0                         34F2     34F2       2F        4       0
                idataCOMRAM                        3734     3734        F     1A91       0

TOTAL           Name                               Link     Load   Length     Space
        CLASS   CODE           
                intcode                               8        8        6         0
                init                                  E        E        4         0
                reset_vec                             0        0        4         0
                text69                             3360     3360       44         0
                text68                             2034     2034      110         0
                text67                             3630     3630       26         0
                text66                             3234     3234       50         0
                text65                             3086     3086       5C         0
                text64                             302A     302A       5C         0
                text63                             2850     2850       98         0
                text62                             2A94     2A94       8C         0
                text61                             1B64     1B64      170         0
                text60                             35AC     35AC       2E         0
                text59                             357E     357E       2E         0
                text58                             3550     3550       2E         0
                text57                             370A     370A       1A         0
                text56                             36F0     36F0       1A         0
                text55                             36D6     36D6       1A         0
                text54                             36BC     36BC       1A         0
                intcode_body                       1674     1674      2E6         0
                text52                             2C82     2C82       70         0
                text51                             2C12     2C12       70         0
                text50                             1E00     1E00      11E         0
                text49                             2B20     2B20       7C         0
                text48                             1CD4     1CD4      12C         0
                text47                             3522     3522       2E         0
                text46                             369A     369A       22         0
                text45                             3678     3678       22         0
                text44                             3656     3656       22         0
                text43                             2710     2710       A2         0
                text42                             2F6C     2F6C       60         0
                text41                             1F1E     1F1E      116         0
                text40                             2F08     2F08       64         0
                text39                             3606     3606       2A         0
                text38                             2FCC     2FCC       5E         0
                text37                             2DCE     2DCE       6A         0
                text36                             35DA     35DA       2C         0
                text35                             30E2     30E2       5A         0
                text34                             2EA0     2EA0       68         0
                text33                             2144     2144      100         0
                text32                             3318     3318       48         0
                text31                             3744     3744        6         0
                text30                             3420     3420       38         0
                text29                             2340     2340       EA         0
                text28                             27B2     27B2       9E         0
                text27                             2244     2244       FC         0
                text26                             2E38     2E38       68         0
                text25                             266E     266E       A2         0
                text24                             33A4     33A4       42         0
                text23                             28E8     28E8       92         0
                text22                              F58      F58      3C6         0
                text21                             2A08     2A08       8C         0
                text20                             32D0     32D0       48         0
                text19                             3284     3284       4C         0
                text18                              62A      62A      4C8         0
                text17                              AF2      AF2      466         0
                text16                             34C0     34C0       32         0
                text15                             348E     348E       32         0
                text14                             2D60     2D60       6E         0
                text13                             2CF2     2CF2       6E         0
                text12                             33E6     33E6       3A         0
                text11                             24F6     24F6       C6         0
                text10                             25BC     25BC       B2         0
                text9                              3458     3458       36         0
                text8                              374A     374A        2         0
                text7                              242A     242A       CC         0
                text6                              195A     195A      20A         0
                text5                              31E4     31E4       50         0
                text4                              3192     3192       52         0
                text3                              313C     313C       56         0
                text2                                12       12      618         0
                text1                              2B9C     2B9C       76         0
                text0                              131E     131E      356         0
                cinit                              297A     297A       8E         0
                idataBANK1                         3724     3724       10         0
                idataBANK0                         34F2     34F2       2F         0
                idataCOMRAM                        3734     3734        F         0

        CLASS   CONST          

        CLASS   SMALLCONST     

        CLASS   MEDIUMCONST    
                mediumconst                        FEE8     FEE8      118         0

        CLASS   COMRAM         
                temp                                 58       58        1         1
                cstackCOMRAM                          1        1       29         1
                dataCOMRAM                           49       49        F         1
                bssCOMRAM                            2A       2A       1F         1

        CLASS   ABS1           

        CLASS   BIGRAM         

        CLASS   RAM            

        CLASS   BANK0          
                cstackBANK0                          DA       DA       26         1
                dataBANK0                            80       80       2F         1
                bssBANK0                             AF       AF       2B         1

        CLASS   BANK1          
                cstackBANK1                         100      100       21         1
                dataBANK1                           141      141       10         1
                bssBANK1                            121      121       20         1

        CLASS   BANK2          

        CLASS   BANK3          

        CLASS   BANK4          

        CLASS   BANK5          

        CLASS   BANK6          

        CLASS   BANK7          

        CLASS   BANK8          

        CLASS   BANK9          

        CLASS   BANK10         

        CLASS   BANK11         

        CLASS   BANK12         

        CLASS   BANK13         

        CLASS   BANK14         

        CLASS   BANK15         

        CLASS   SFR            

        CLASS   BIGSFR         

        CLASS   CONFIG         
                config                           300000   300000        E         4

        CLASS   IDLOC          

        CLASS   EEDATA         

        CLASS   FARRAM         

        CLASS   HEAP           

        CLASS   STACK          



SEGMENTS        Name                           Load    Length   Top    Selector   Space  Class

                reset_vec                      000000  000004  000004         0       0  CODE    
                cstackCOMRAM                   000001  000058  000059         1       1  COMRAM  
                intcode                        000008  003519  003521         4       0  CODE    
                dataBANK0                      000080  000080  000100        80       1  BANK0   
                cstackBANK1                    000100  000051  000151       100       1  BANK1   
                text47                         003522  000221  003743      1A91       0  CODE    
                text31                         003744  000008  00374C      1BA2       0  CODE    
                mediumconst                    00FEE8  000118  010000      7F74       0  MEDIUMCO


UNUSED ADDRESS RANGES

        Name                Unused          Largest block    Delta
        BANK1            000151-0001FF               AF
        BANK10           000A00-000AFF              100
        BANK11           000B00-000BFF              100
        BANK12           000C00-000CFF              100
        BANK13           000D00-000DFF              100
        BANK14           000E00-000EFF              100
        BANK15           000F00-000F7F               80
        BANK2            000200-0002FF              100
        BANK3            000300-0003FF              100
        BANK4            000400-0004FF              100
        BANK5            000500-0005FF              100
        BANK6            000600-0006FF              100
        BANK7            000700-0007FF              100
        BANK8            000800-0008FF              100
        BANK9            000900-0009FF              100
        BIGRAM           000059-00007F               27
                         000151-000F7F              E2F
        BIGSFR           000F80-000FFF               80
        CODE             000004-000007                4
                         003521-003521                1
                         003743-003743                1
                         00374C-00FEE7             C79C
        COMRAM           000059-00007F               27
        CONST            000004-000007                4
                         003521-003521                1
                         003743-003743                1
                         00374C-00FEE7             C79C
        EEDATA           F00000-F003FF              400
        IDLOC            200000-200007                8
        MEDIUMCONST      003521-003521                1
                         003743-003743                1
                         00374C-00FEE7             C79C
        RAM              000151-000F7F              100
        SFR              000F80-000FFF               80
        SMALLCONST       003521-003521                1
                         003743-003743                1
                         00374C-00FEE7              100

                                  Symbol Table

?___awdiv                                       cstackBANK0  0000DA
?___awmod                                       cstackBANK0  0000DA
?_abs                                           cstackBANK0  0000E0
?_sprintf                                       cstackBANK1  000100
?_vfprintf                                      cstackBANK0  0000F3
Data_EEPROM_ReadByte@bData                      cstackBANK0  0000DC
Data_EEPROM_ReadByte@badd                       cstackBANK0  0000DA
Data_EEPROM_WriteByte@GLOBAL_INTERRUPT_STATUS   cstackBANK0  0000DD
Data_EEPROM_WriteByte@bData                     cstackBANK0  0000DC
Data_EEPROM_WriteByte@badd                      cstackBANK0  0000DA
INT0_SET_INTERRUPT_HANDLER@INTERRUPT_HANDLER    cstackBANK0  0000DA
INT0_app_ISR@i                                  cstackCOMRAM 00001C
INT1_SET_INTERRUPT_HANDLER@INTERRUPT_HANDLER    cstackBANK0  0000DA
INT2_SET_INTERRUPT_HANDLER@INTERRUPT_HANDLER    cstackBANK0  0000DA
INTERRUPT_INTx_clear_flag@int_obj               cstackBANK0  0000DA
INTERRUPT_INTx_clear_flag@ret                   cstackBANK0  0000DD
INTERRUPT_INTx_disable@int_obj                  cstackBANK0  0000DA
INTERRUPT_INTx_disable@ret                      cstackBANK0  0000DD
INTERRUPT_INTx_edge_int@int_obj                 cstackBANK0  0000DA
INTERRUPT_INTx_edge_int@ret                     cstackBANK0  0000DD
INTERRUPT_INTx_enable@int_obj                   cstackBANK0  0000DA
INTERRUPT_INTx_enable@ret                       cstackBANK0  0000DD
INTERRUPT_INTx_pin_int@int_obj                  cstackBANK0  0000E1
INTERRUPT_INTx_pin_int@ret                      cstackBANK0  0000E2
INTERRUPT_SET_INTERRUPT_HANDLER@int_obj         cstackBANK0  0000DC
INTERRUPT_SET_INTERRUPT_HANDLER@ret             cstackBANK0  0000DF
Interrupt_INTx_Init@int_obj                     cstackBANK0  0000E3
Interrupt_INTx_Init@ret                         cstackBANK0  0000E4
RB4_ISR@RB4_source                              cstackCOMRAM 000001
RB5_ISR@RB5_source                              cstackCOMRAM 000001
RB6_ISR@RB6_source                              cstackCOMRAM 000001
RB7_ISR@RB7_source                              cstackCOMRAM 000001
_Application_Initialization                     text31       003744
_Data_EEPROM_ReadByte                           text30       003420
_Data_EEPROM_WriteByte                          text20       0032D0
_EEADR                                          (abs)        000FA9
_EEADRH                                         (abs)        000FAA
_EECON1bits                                     (abs)        000FA6
_EECON2                                         (abs)        000FA7
_EEDATA                                         (abs)        000FA8
_INT0_INTERRUPT_HANDLER                         bssCOMRAM    00003E
_INT0_ISR                                       text60       0035AC
_INT0_SET_INTERRUPT_HANDLER                     text46       00369A
_INT0_app_ISR                                   text61       001B64
_INT1_INTERRUPT_HANDLER                         bssCOMRAM    00003C
_INT1_ISR                                       text59       00357E
_INT1_SET_INTERRUPT_HANDLER                     text45       003678
_INT2_INTERRUPT_HANDLER                         bssCOMRAM    00003A
_INT2_ISR                                       text58       003550
_INT2_SET_INTERRUPT_HANDLER                     text44       003656
_INTCON2bits                                    (abs)        000FF1
_INTCON3bits                                    (abs)        000FF0
_INTCONbits                                     (abs)        000FF2
_INTERRUPT_INTx_clear_flag                      text52       002C82
_INTERRUPT_INTx_disable                         text51       002C12
_INTERRUPT_INTx_edge_int                        text50       001E00
_INTERRUPT_INTx_enable                          text49       002B20
_INTERRUPT_INTx_pin_int                         text47       003522
_INTERRUPT_MANAGER_HIGH                         intcode      000008
_INTERRUPT_SET_INTERRUPT_HANDLER                text43       002710
_INT_obj                                        dataBANK0    0000A9
_Interrupt_INTx_Init                            text42       002F6C
_LATA                                           (abs)        000F89
_LATB                                           (abs)        000F8A
_LATC                                           (abs)        000F8B
_LATD                                           (abs)        000F8C
_LATE                                           (abs)        000F8D
_PORTA                                          (abs)        000F80
_PORTB                                          (abs)        000F81
_PORTBbits                                      (abs)        000F81
_PORTC                                          (abs)        000F82
_PORTD                                          (abs)        000F83
_PORTE                                          (abs)        000F84
_RB4_INTERRUPT_HANDLER_HIGH                     bssCOMRAM    000038
_RB4_INTERRUPT_HANDLER_LOW                      bssCOMRAM    000036
_RB4_ISR                                        text57       00370A
_RB4_flag                                       dataCOMRAM   00004C
_RB5_INTERRUPT_HANDLER_HIGH                     bssCOMRAM    000034
_RB5_INTERRUPT_HANDLER_LOW                      bssCOMRAM    000032
_RB5_ISR                                        text56       0036F0
_RB5_flag                                       dataCOMRAM   00004B
_RB6_INTERRUPT_HANDLER_HIGH                     bssCOMRAM    000030
_RB6_INTERRUPT_HANDLER_LOW                      bssCOMRAM    00002E
_RB6_ISR                                        text55       0036D6
_RB6_flag                                       dataCOMRAM   00004A
_RB7_INTERRUPT_HANDLER_HIGH                     bssCOMRAM    00002C
_RB7_INTERRUPT_HANDLER_LOW                      bssCOMRAM    00002A
_RB7_ISR                                        text54       0036BC
_RB7_flag                                       dataCOMRAM   000049
_TRISA                                          (abs)        000F92
_TRISB                                          (abs)        000F93
_TRISC                                          (abs)        000F94
_TRISD                                          (abs)        000F95
_TRISE                                          (abs)        000F96
__HRAM                                          (abs)        000000
__H__absolute__                                 __absolute__ 000000
__Habs1                                         abs1         000000
__Hbank0                                        bank0        000000
__Hbank1                                        bank1        000000
__Hbank10                                       bank10       000000
__Hbank11                                       bank11       000000
__Hbank12                                       bank12       000000
__Hbank13                                       bank13       000000
__Hbank14                                       bank14       000000
__Hbank15                                       bank15       000000
__Hbank2                                        bank2        000000
__Hbank3                                        bank3        000000
__Hbank4                                        bank4        000000
__Hbank5                                        bank5        000000
__Hbank6                                        bank6        000000
__Hbank7                                        bank7        000000
__Hbank8                                        bank8        000000
__Hbank9                                        bank9        000000
__Hbigbss                                       bigbss       000000
__Hbigdata                                      bigdata      000000
__Hbigram                                       bigram       000000
__Hbigsfr                                       bigsfr       000000
__Hbss                                          bss          000000
__HbssBANK0                                     bssBANK0     000000
__HbssBANK1                                     bssBANK1     000000
__HbssCOMRAM                                    bssCOMRAM    000000
__Hcinit                                        cinit        000000
__Hclrtext                                      clrtext      000000
__Hcomram                                       comram       000000
__Hconfig                                       config       30000E
__Hconst                                        const        000000
__HcstackBANK0                                  cstackBANK0  000000
__HcstackBANK1                                  cstackBANK1  000000
__HcstackCOMRAM                                 cstackCOMRAM 000000
__Hdata                                         data         000000
__HdataBANK0                                    dataBANK0    000000
__HdataBANK1                                    dataBANK1    000000
__HdataCOMRAM                                   dataCOMRAM   000000
__Heeprom_data                                  eeprom_data  000000
__Hfarbss                                       farbss       000000
__Hfardata                                      fardata      000000
__Hheap                                         heap         000000
__Hibigdata                                     ibigdata     000000
__Hidata                                        idata        000000
__HidataBANK0                                   idataBANK0   000000
__HidataBANK1                                   idataBANK1   000000
__HidataCOMRAM                                  idataCOMRAM  000000
__Hidloc                                        idloc        000000
__Hifardata                                     ifardata     000000
__Hinit                                         init         000012
__Hintcode                                      intcode      00000E
__Hintcode_body                                 intcode_body 000000
__Hintcodelo                                    intcodelo    00000E
__Hintentry                                     intentry     000000
__Hintret                                       intret       000000
__Hintsave_regs                                 intsave_regs 000000
__Hirdata                                       irdata       000000
__Hmediumconst                                  mediumconst  010000
__HnvFARRAM                                     nvFARRAM     000000
__Hnvbit                                        nvbit        000000
__Hnvrram                                       nvrram       000000
__Hparam                                        rparam       000000
__Hpowerup                                      powerup      00000E
__Hram                                          ram          000000
__Hramtop                                       ramtop       001000
__Hrbit                                         rbit         000000
__Hrbss                                         rbss         000000
__Hrdata                                        rdata        000000
__Hreset_vec                                    reset_vec    000004
__Hrparam                                       rparam       000000
__Hsfr                                          sfr          000000
__Hsmallconst                                   smallconst   000000
__Hspace_0                                      (abs)        010000
__Hspace_1                                      (abs)        000151
__Hspace_2                                      (abs)        000000
__Hspace_4                                      (abs)        60000E
__Hstack                                        stack        000000
__Hstruct                                       struct       000000
__Htemp                                         temp         000059
__Htext                                         text         000000
__Htext0                                        text0        000000
__Htext1                                        text1        000000
__Htext10                                       text10       000000
__Htext11                                       text11       000000
__Htext12                                       text12       000000
__Htext13                                       text13       000000
__Htext14                                       text14       000000
__Htext15                                       text15       000000
__Htext16                                       text16       000000
__Htext17                                       text17       000000
__Htext18                                       text18       000000
__Htext19                                       text19       000000
__Htext2                                        text2        000000
__Htext20                                       text20       000000
__Htext21                                       text21       000000
__Htext22                                       text22       000000
__Htext23                                       text23       000000
__Htext24                                       text24       000000
__Htext25                                       text25       000000
__Htext26                                       text26       000000
__Htext27                                       text27       000000
__Htext28                                       text28       000000
__Htext29                                       text29       000000
__Htext3                                        text3        000000
__Htext30                                       text30       000000
__Htext31                                       text31       000000
__Htext32                                       text32       000000
__Htext33                                       text33       000000
__Htext34                                       text34       000000
__Htext35                                       text35       000000
__Htext36                                       text36       000000
__Htext37                                       text37       000000
__Htext38                                       text38       000000
__Htext39                                       text39       000000
__Htext4                                        text4        000000
__Htext40                                       text40       000000
__Htext41                                       text41       000000
__Htext42                                       text42       000000
__Htext43                                       text43       000000
__Htext44                                       text44       000000
__Htext45                                       text45       000000
__Htext46                                       text46       000000
__Htext47                                       text47       000000
__Htext48                                       text48       000000
__Htext49                                       text49       000000
__Htext5                                        text5        000000
__Htext50                                       text50       000000
__Htext51                                       text51       000000
__Htext52                                       text52       000000
__Htext54                                       text54       000000
__Htext55                                       text55       000000
__Htext56                                       text56       000000
__Htext57                                       text57       000000
__Htext58                                       text58       000000
__Htext59                                       text59       000000
__Htext6                                        text6        000000
__Htext60                                       text60       000000
__Htext61                                       text61       000000
__Htext62                                       text62       000000
__Htext63                                       text63       000000
__Htext64                                       text64       000000
__Htext65                                       text65       000000
__Htext66                                       text66       000000
__Htext67                                       text67       000000
__Htext68                                       text68       000000
__Htext69                                       text69       000000
__Htext7                                        text7        000000
__Htext70                                       text70       000000
__Htext8                                        text8        000000
__Htext9                                        text9        000000
__LRAM                                          (abs)        000001
__L__absolute__                                 __absolute__ 000000
__Labs1                                         abs1         000000
__Lbank0                                        bank0        000000
__Lbank1                                        bank1        000000
__Lbank10                                       bank10       000000
__Lbank11                                       bank11       000000
__Lbank12                                       bank12       000000
__Lbank13                                       bank13       000000
__Lbank14                                       bank14       000000
__Lbank15                                       bank15       000000
__Lbank2                                        bank2        000000
__Lbank3                                        bank3        000000
__Lbank4                                        bank4        000000
__Lbank5                                        bank5        000000
__Lbank6                                        bank6        000000
__Lbank7                                        bank7        000000
__Lbank8                                        bank8        000000
__Lbank9                                        bank9        000000
__Lbigbss                                       bigbss       000000
__Lbigdata                                      bigdata      000000
__Lbigram                                       bigram       000000
__Lbigsfr                                       bigsfr       000000
__Lbss                                          bss          000000
__LbssBANK0                                     bssBANK0     000000
__LbssBANK1                                     bssBANK1     000000
__LbssCOMRAM                                    bssCOMRAM    000000
__Lcinit                                        cinit        000000
__Lclrtext                                      clrtext      000000
__Lcomram                                       comram       000000
__Lconfig                                       config       000000
__Lconst                                        const        000000
__LcstackBANK0                                  cstackBANK0  000000
__LcstackBANK1                                  cstackBANK1  000000
__LcstackCOMRAM                                 cstackCOMRAM 000000
__Ldata                                         data         000000
__LdataBANK0                                    dataBANK0    000000
__LdataBANK1                                    dataBANK1    000000
__LdataCOMRAM                                   dataCOMRAM   000000
__Leeprom_data                                  eeprom_data  000000
__Lfarbss                                       farbss       000000
__Lfardata                                      fardata      000000
__Lheap                                         heap         000000
__Libigdata                                     ibigdata     000000
__Lidata                                        idata        000000
__LidataBANK0                                   idataBANK0   000000
__LidataBANK1                                   idataBANK1   000000
__LidataCOMRAM                                  idataCOMRAM  000000
__Lidloc                                        idloc        000000
__Lifardata                                     ifardata     000000
__Linit                                         init         00000E
__Lintcode                                      intcode      000008
__Lintcode_body                                 intcode_body 000000
__Lintcodelo                                    intcodelo    00000E
__Lintentry                                     intentry     000000
__Lintret                                       intret       000000
__Lintsave_regs                                 intsave_regs 000000
__Lirdata                                       irdata       000000
__Lmediumconst                                  mediumconst  00FEE8
__LnvFARRAM                                     nvFARRAM     000000
__Lnvbit                                        nvbit        000000
__Lnvrram                                       nvrram       000000
__Lparam                                        rparam       000000
__Lpowerup                                      powerup      00000E
__Lram                                          ram          000000
__Lramtop                                       ramtop       001000
__Lrbit                                         rbit         000000
__Lrbss                                         rbss         000000
__Lrdata                                        rdata        000000
__Lreset_vec                                    reset_vec    000000
__Lrparam                                       rparam       000000
__Lsfr                                          sfr          000000
__Lsmallconst                                   smallconst   000000
__Lspace_0                                      (abs)        000000
__Lspace_1                                      (abs)        000000
__Lspace_2                                      (abs)        000000
__Lspace_4                                      (abs)        000000
__Lstack                                        stack        000000
__Lstruct                                       struct       000000
__Ltemp                                         temp         000058
__Ltext                                         text         000000
__Ltext0                                        text0        000000
__Ltext1                                        text1        000000
__Ltext10                                       text10       000000
__Ltext11                                       text11       000000
__Ltext12                                       text12       000000
__Ltext13                                       text13       000000
__Ltext14                                       text14       000000
__Ltext15                                       text15       000000
__Ltext16                                       text16       000000
__Ltext17                                       text17       000000
__Ltext18                                       text18       000000
__Ltext19                                       text19       000000
__Ltext2                                        text2        000000
__Ltext20                                       text20       000000
__Ltext21                                       text21       000000
__Ltext22                                       text22       000000
__Ltext23                                       text23       000000
__Ltext24                                       text24       000000
__Ltext25                                       text25       000000
__Ltext26                                       text26       000000
__Ltext27                                       text27       000000
__Ltext28                                       text28       000000
__Ltext29                                       text29       000000
__Ltext3                                        text3        000000
__Ltext30                                       text30       000000
__Ltext31                                       text31       000000
__Ltext32                                       text32       000000
__Ltext33                                       text33       000000
__Ltext34                                       text34       000000
__Ltext35                                       text35       000000
__Ltext36                                       text36       000000
__Ltext37                                       text37       000000
__Ltext38                                       text38       000000
__Ltext39                                       text39       000000
__Ltext4                                        text4        000000
__Ltext40                                       text40       000000
__Ltext41                                       text41       000000
__Ltext42                                       text42       000000
__Ltext43                                       text43       000000
__Ltext44                                       text44       000000
__Ltext45                                       text45       000000
__Ltext46                                       text46       000000
__Ltext47                                       text47       000000
__Ltext48                                       text48       000000
__Ltext49                                       text49       000000
__Ltext5                                        text5        000000
__Ltext50                                       text50       000000
__Ltext51                                       text51       000000
__Ltext52                                       text52       000000
__Ltext54                                       text54       000000
__Ltext55                                       text55       000000
__Ltext56                                       text56       000000
__Ltext57                                       text57       000000
__Ltext58                                       text58       000000
__Ltext59                                       text59       000000
__Ltext6                                        text6        000000
__Ltext60                                       text60       000000
__Ltext61                                       text61       000000
__Ltext62                                       text62       000000
__Ltext63                                       text63       000000
__Ltext64                                       text64       000000
__Ltext65                                       text65       000000
__Ltext66                                       text66       000000
__Ltext67                                       text67       000000
__Ltext68                                       text68       000000
__Ltext69                                       text69       000000
__Ltext7                                        text7        000000
__Ltext70                                       text70       000000
__Ltext8                                        text8        000000
__Ltext9                                        text9        000000
__S0                                            (abs)        010000
__S1                                            (abs)        000151
__S4                                            (abs)        000000
__S5                                            (abs)        000000
___awdiv                                        text11       0024F6
___awdiv@counter                                cstackBANK0  0000DE
___awdiv@dividend                               cstackBANK0  0000DA
___awdiv@divisor                                cstackBANK0  0000DC
___awdiv@quotient                               cstackBANK0  0000E0
___awdiv@sign                                   cstackBANK0  0000DF
___awmod                                        text10       0025BC
___awmod@counter                                cstackBANK0  0000DE
___awmod@dividend                               cstackBANK0  0000DA
___awmod@divisor                                cstackBANK0  0000DC
___awmod@sign                                   cstackBANK0  0000DF
___heap_hi                                      (abs)        000000
___heap_lo                                      (abs)        000000
___inthi_sp                                     stack        000000
___inthi_stack_hi                               stack        000000
___inthi_stack_lo                               stack        000000
___intlo_sp                                     stack        000000
___intlo_stack_hi                               stack        000000
___intlo_stack_lo                               stack        000000
___param_bank                                   (abs)        000000
___rparam_used                                  (abs)        000001
___sp                                           stack        000000
___stack_hi                                     stack        000000
___stack_lo                                     stack        000000
__accesstop                                     (abs)        000080
__activetblptr                                  (abs)        000003
__end_of_Application_Initialization             text31       00374A
__end_of_Data_EEPROM_ReadByte                   text30       003458
__end_of_Data_EEPROM_WriteByte                  text20       003318
__end_of_INT0_ISR                               text60       0035DA
__end_of_INT0_SET_INTERRUPT_HANDLER             text46       0036BC
__end_of_INT0_app_ISR                           text61       001CD4
__end_of_INT1_ISR                               text59       0035AC
__end_of_INT1_SET_INTERRUPT_HANDLER             text45       00369A
__end_of_INT2_ISR                               text58       00357E
__end_of_INT2_SET_INTERRUPT_HANDLER             text44       003678
__end_of_INTERRUPT_INTx_clear_flag              text52       002CF2
__end_of_INTERRUPT_INTx_disable                 text51       002C82
__end_of_INTERRUPT_INTx_edge_int                text50       001F1E
__end_of_INTERRUPT_INTx_enable                  text49       002B9C
__end_of_INTERRUPT_INTx_pin_int                 text47       003550
__end_of_INTERRUPT_MANAGER_HIGH                 intcode_body 00195A
__end_of_INTERRUPT_SET_INTERRUPT_HANDLER        text43       0027B2
__end_of_Interrupt_INTx_Init                    text42       002FCC
__end_of_RB4_ISR                                text57       003724
__end_of_RB5_ISR                                text56       00370A
__end_of_RB6_ISR                                text55       0036F0
__end_of_RB7_ISR                                text54       0036D6
__end_of___awdiv                                text11       0025BC
__end_of___awmod                                text10       00266E
__end_of__initialization                        cinit        0029FE
__end_of_abs                                    text9        00348E
__end_of_change_password                        text17       000F58
__end_of_check_entered_password                 text29       00242A
__end_of_comparing_password                     text21       002A94
__end_of_convert_byte_to_string                 text3        003192
__end_of_ecu_dc_motor_initialize                text39       003630
__end_of_ecu_dc_motor_move_left                 text16       0034F2
__end_of_ecu_dc_motor_stop                      text15       0034C0
__end_of_ecu_keypad_get_value                   text27       002340
__end_of_ecu_keypad_initialize                  text38       00302A
__end_of_ecu_layer_Initialization               text32       003360
__end_of_ecu_led_initialize                     text37       002E38
__end_of_ecu_led_turn_off                       text14       002DCE
__end_of_ecu_led_turn_on                        text13       002D60
__end_of_entering_password                      text2        00062A
__end_of_fputc                                  text7        0024F6
__end_of_get_password                           text22       00131E
__end_of_gpio_pin_direction_initialize          text48       001E00
__end_of_gpio_pin_initialize                    text40       002F6C
__end_of_gpio_pin_read_logic                    text28       002850
__end_of_gpio_pin_write_logic                   text41       002034
__end_of_lcd_4bit_initialize                    text33       002244
__end_of_lcd_4bit_send_char_data                text26       002EA0
__end_of_lcd_4bit_send_char_data_pos            text24       0033E6
__end_of_lcd_4bit_send_command                  text34       002F08
__end_of_lcd_4bit_send_enable_enable            text36       003606
__end_of_lcd_4bit_send_string_pos               text23       00297A
__end_of_lcd_4bit_set_curser                    text25       002710
__end_of_lcd_send_4bit                          text35       00313C
__end_of_main                                   text0        001674
__end_of_memset                                 text12       003420
__end_of_password_confirmation                  text18       000AF2
__end_of_putch                                  text8        00374C
__end_of_save_password                          text19       0032D0
__end_of_sprintf                                text4        0031E4
__end_of_vfpfcnvrt                              text6        001B64
__end_of_vfprintf                               text5        003234
__end_of_welcome_msg                            text1        002C12
__end_ofi2_Data_EEPROM_WriteByte                text69       0033A4
__end_ofi2_gpio_pin_write_logic                 text68       002144
__end_ofi2_lcd_4bit_send_char_data              text65       0030E2
__end_ofi2_lcd_4bit_send_command                text64       003086
__end_ofi2_lcd_4bit_send_enable_enable          text67       003656
__end_ofi2_lcd_4bit_send_string_pos             text62       002B20
__end_ofi2_lcd_4bit_set_curser                  text63       0028E8
__end_ofi2_lcd_send_4bit                        text66       003284
__initialization                                cinit        00297A
__mediumconst                                   mediumconst  00FEE8
__pbssBANK0                                     bssBANK0     0000AF
__pbssBANK1                                     bssBANK1     000121
__pbssCOMRAM                                    bssCOMRAM    00002A
__pcinit                                        cinit        00297A
__pcstackBANK0                                  cstackBANK0  0000DA
__pcstackBANK1                                  cstackBANK1  000100
__pcstackCOMRAM                                 cstackCOMRAM 000001
__pdataBANK0                                    dataBANK0    000080
__pdataBANK1                                    dataBANK1    000141
__pdataCOMRAM                                   dataCOMRAM   000049
__pidataBANK0                                   idataBANK0   0034F2
__pidataBANK1                                   idataBANK1   003724
__pidataCOMRAM                                  idataCOMRAM  003734
__pintcode                                      intcode      000008
__pintcode_body                                 intcode_body 001674
__pmediumconst                                  mediumconst  00FEE8
__ptext0                                        text0        00131E
__ptext1                                        text1        002B9C
__ptext10                                       text10       0025BC
__ptext11                                       text11       0024F6
__ptext12                                       text12       0033E6
__ptext13                                       text13       002CF2
__ptext14                                       text14       002D60
__ptext15                                       text15       00348E
__ptext16                                       text16       0034C0
__ptext17                                       text17       000AF2
__ptext18                                       text18       00062A
__ptext19                                       text19       003284
__ptext2                                        text2        000012
__ptext20                                       text20       0032D0
__ptext21                                       text21       002A08
__ptext22                                       text22       000F58
__ptext23                                       text23       0028E8
__ptext24                                       text24       0033A4
__ptext25                                       text25       00266E
__ptext26                                       text26       002E38
__ptext27                                       text27       002244
__ptext28                                       text28       0027B2
__ptext29                                       text29       002340
__ptext3                                        text3        00313C
__ptext30                                       text30       003420
__ptext31                                       text31       003744
__ptext32                                       text32       003318
__ptext33                                       text33       002144
__ptext34                                       text34       002EA0
__ptext35                                       text35       0030E2
__ptext36                                       text36       0035DA
__ptext37                                       text37       002DCE
__ptext38                                       text38       002FCC
__ptext39                                       text39       003606
__ptext4                                        text4        003192
__ptext40                                       text40       002F08
__ptext41                                       text41       001F1E
__ptext42                                       text42       002F6C
__ptext43                                       text43       002710
__ptext44                                       text44       003656
__ptext45                                       text45       003678
__ptext46                                       text46       00369A
__ptext47                                       text47       003522
__ptext48                                       text48       001CD4
__ptext49                                       text49       002B20
__ptext5                                        text5        0031E4
__ptext50                                       text50       001E00
__ptext51                                       text51       002C12
__ptext52                                       text52       002C82
__ptext54                                       text54       0036BC
__ptext55                                       text55       0036D6
__ptext56                                       text56       0036F0
__ptext57                                       text57       00370A
__ptext58                                       text58       003550
__ptext59                                       text59       00357E
__ptext6                                        text6        00195A
__ptext60                                       text60       0035AC
__ptext61                                       text61       001B64
__ptext62                                       text62       002A94
__ptext63                                       text63       002850
__ptext64                                       text64       00302A
__ptext65                                       text65       003086
__ptext66                                       text66       003234
__ptext67                                       text67       003630
__ptext68                                       text68       002034
__ptext69                                       text69       003360
__ptext7                                        text7        00242A
__ptext70                                       text70       000000
__ptext8                                        text8        00374A
__ptext9                                        text9        003458
__ramtop                                        ramtop       001000
__smallconst                                    smallconst   000000
_abs                                            text9        003458
_btn1                                           dataBANK0    00009E
_buzzer                                         dataCOMRAM   000055
_change_password                                text17       000AF2
_check_entered_password                         text29       002340
_comparing_password                             text21       002A08
_confirm_pass_obj                               bssBANK0     0000C6
_convert_byte_to_string                         text3        00313C
_dbuf                                           bssBANK1     000121
_ecu_dc_motor_initialize                        text39       003606
_ecu_dc_motor_move_left                         text16       0034C0
_ecu_dc_motor_stop                              text15       00348E
_ecu_keypad_get_value                           text27       002244
_ecu_keypad_initialize                          text38       002FCC
_ecu_layer_Initialization                       text32       003318
_ecu_led_initialize                             text37       002DCE
_ecu_led_turn_off                               text14       002D60
_ecu_led_turn_on                                text13       002CF2
_enterd_pass_obj                                bssBANK0     0000BD
_entering_password                              text2        000012
_flags                                          bssCOMRAM    000040
_fputc                                          text7        00242A
_get_password                                   text22       000F58
_gpio_pin_direction_initialize                  text48       001CD4
_gpio_pin_initialize                            text40       002F08
_gpio_pin_read_logic                            text28       0027B2
_gpio_pin_write_logic                           text41       001F1E
_green_led                                      dataCOMRAM   000056
_keypad                                         dataBANK0    0000A1
_keypad_value                                   bssCOMRAM    000048
_keypad_values                                  dataBANK1    000141
_lat_registers                                  dataBANK0    00008A
_lcd1                                           dataCOMRAM   00004D
_lcd_4bit_initialize                            text33       002144
_lcd_4bit_send_char_data                        text26       002E38
_lcd_4bit_send_char_data_pos                    text24       0033A4
_lcd_4bit_send_command                          text34       002EA0
_lcd_4bit_send_enable_enable                    text36       0035DA
_lcd_4bit_send_string_pos                       text23       0028E8
_lcd_4bit_set_curser                            text25       00266E
_lcd_send_4bit                                  text35       0030E2
_main                                           text0        00131E
_memset                                         text12       0033E6
_motor1                                         dataCOMRAM   000053
_pass_check                                     bssBANK0     0000D9
_pass_obj                                       bssBANK0     0000CF
_password_confirmation                          text18       00062A
_port_registers                                 dataBANK0    000080
_prec                                           bssBANK0     0000B1
_putch                                          text8        00374A
_red_led                                        dataCOMRAM   000057
_save_password                                  text19       003284
_selected_mode                                  bssBANK0     0000B3
_sprintf                                        text4        003192
_stored_pass_obj                                bssBANK0     0000B4
_tris_registers                                 dataBANK0    000094
_user_statue                                    bssBANK0     0000D8
_vfpfcnvrt                                      text6        00195A
_vfprintf                                       text5        0031E4
_welcome_msg                                    text1        002B9C
_width                                          bssBANK0     0000AF
abs@a                                           cstackBANK0  0000E0
btemp                                           temp         000058
change_password@comparing_result                cstackBANK1  000101
change_password@confirm_pass_obj                cstackBANK0  0000FD
change_password@counter                         cstackBANK1  000102
change_password@enterd_pass_obj                 cstackBANK0  0000FC
change_password@lcd_counter                     cstackBANK1  000100
change_password@pass_obj                        cstackBANK0  0000FA
change_password@stored_pass_obj                 cstackBANK0  0000FB
check_entered_password@comparing_counter        cstackBANK0  0000E3
check_entered_password@enterd_pass_obj          cstackBANK0  0000DD
check_entered_password@helper_counter           cstackBANK0  0000E4
check_entered_password@result                   cstackBANK0  0000DF
check_entered_password@stored_pass_obj          cstackBANK0  0000DE
comparing_password@comparing_counter            cstackBANK0  0000E0
comparing_password@confirm_pass_obj             cstackBANK0  0000DB
comparing_password@looping_counter              cstackBANK0  0000DF
comparing_password@pass_obj                     cstackBANK0  0000DA
comparing_password@result                       cstackBANK0  0000DC
convert_byte_to_string@str                      cstackBANK0  0000FB
convert_byte_to_string@value                    cstackBANK0  0000FD
ecu_dc_motor_initialize@dc_motor                cstackBANK0  0000E5
ecu_dc_motor_move_left@dc_motor                 cstackBANK0  0000E2
ecu_dc_motor_stop@dc_motor                      cstackBANK0  0000E2
ecu_keypad_get_value@clear_rows_counter         cstackBANK0  0000E7
ecu_keypad_get_value@column_val                 cstackBANK0  0000E6
ecu_keypad_get_value@columns                    cstackBANK0  0000E9
ecu_keypad_get_value@keypad                     cstackBANK0  0000E2
ecu_keypad_get_value@rows                       cstackBANK0  0000E8
ecu_keypad_get_value@value                      cstackBANK0  0000E3
ecu_keypad_initialize@columns                   cstackBANK0  0000E7
ecu_keypad_initialize@keypad                    cstackBANK0  0000E5
ecu_keypad_initialize@rows                      cstackBANK0  0000E6
ecu_led_initialize@F3059                        bssCOMRAM    000047
ecu_led_initialize@led                          cstackBANK0  0000E5
ecu_led_initialize@led_pin                      cstackBANK0  0000E7
ecu_led_turn_off@F3069                          bssCOMRAM    000045
ecu_led_turn_off@led                            cstackBANK0  0000E2
ecu_led_turn_off@led_pin                        cstackBANK0  0000E4
ecu_led_turn_on@F3064                           bssCOMRAM    000046
ecu_led_turn_on@led                             cstackBANK0  0000E2
ecu_led_turn_on@led_pin                         cstackBANK0  0000E4
ecu_led_turn_toggle@F3074                       bssCOMRAM    000044
ecu_relay_initialize@F3053                      bssCOMRAM    000043
ecu_relay_off@F3063                             bssCOMRAM    000041
ecu_relay_on@F3058                              bssCOMRAM    000042
end_of_initialization                           cinit        0029FE
entering_password@comparing_result              cstackBANK1  00011C
entering_password@counter                       cstackBANK1  00011E
entering_password@enterd_pass_obj               cstackBANK1  000114
entering_password@lcd_counter                   cstackBANK1  00011D
entering_password@stored_pass_obj               cstackBANK1  000115
entering_password@str                           cstackBANK1  000117
entering_password@user_statue                   cstackBANK1  000116
entering_password@wrong_counter                 cstackBANK1  00011B
fputc@c                                         cstackBANK0  0000DA
fputc@fp                                        cstackBANK0  0000DC
get_password@counter                            cstackBANK0  0000F7
get_password@lcd_counter                        cstackBANK0  0000F6
get_password@pass_obj                           cstackBANK0  0000F3
gpio_pin_direction_initialize@_pin_config       cstackBANK0  0000DA
gpio_pin_direction_initialize@ret               cstackBANK0  0000E0
gpio_pin_initialize@_pin_config                 cstackBANK0  0000E2
gpio_pin_initialize@ret                         cstackBANK0  0000E4
gpio_pin_read_logic@_pin_config                 cstackBANK0  0000DA
gpio_pin_read_logic@logic                       cstackBANK0  0000DB
gpio_pin_write_logic@_pin_config                cstackBANK0  0000DA
gpio_pin_write_logic@logic                      cstackBANK0  0000DB
gpio_pin_write_logic@ret                        cstackBANK0  0000E1
i2Data_EEPROM_WriteByte@GLOBAL_INTERRUPT_STATUS cstackCOMRAM 000004
i2Data_EEPROM_WriteByte@bData                   cstackCOMRAM 000003
i2Data_EEPROM_WriteByte@badd                    cstackCOMRAM 000001
i2_Data_EEPROM_WriteByte                        text69       003360
i2_gpio_pin_write_logic                         text68       002034
i2_lcd_4bit_send_char_data                      text65       003086
i2_lcd_4bit_send_command                        text64       00302A
i2_lcd_4bit_send_enable_enable                  text67       003630
i2_lcd_4bit_send_string_pos                     text62       002A94
i2_lcd_4bit_set_curser                          text63       002850
i2_lcd_send_4bit                                text66       003234
i2gpio_pin_write_logic@_pin_config              cstackCOMRAM 000001
i2gpio_pin_write_logic@logic                    cstackCOMRAM 000002
i2gpio_pin_write_logic@ret                      cstackCOMRAM 000008
i2lcd_4bit_send_char_data@data                  cstackCOMRAM 00000D
i2lcd_4bit_send_char_data@lcd                   cstackCOMRAM 00000C
i2lcd_4bit_send_char_data@ret                   cstackCOMRAM 00000E
i2lcd_4bit_send_command@command                 cstackCOMRAM 00000D
i2lcd_4bit_send_command@lcd                     cstackCOMRAM 00000C
i2lcd_4bit_send_command@ret                     cstackCOMRAM 00000E
i2lcd_4bit_send_enable_enable@lcd               cstackCOMRAM 000009
i2lcd_4bit_send_enable_enable@ret               cstackCOMRAM 00000A
i2lcd_4bit_send_string_pos@column               cstackCOMRAM 000017
i2lcd_4bit_send_string_pos@lcd                  cstackCOMRAM 000015
i2lcd_4bit_send_string_pos@row                  cstackCOMRAM 000016
i2lcd_4bit_send_string_pos@str                  cstackCOMRAM 000018
i2lcd_4bit_set_curser@column                    cstackCOMRAM 000011
i2lcd_4bit_set_curser@lcd                       cstackCOMRAM 00000F
i2lcd_4bit_set_curser@ret                       cstackCOMRAM 000014
i2lcd_4bit_set_curser@row                       cstackCOMRAM 000010
i2lcd_send_4bit@command_data                    cstackCOMRAM 00000A
i2lcd_send_4bit@lcd                             cstackCOMRAM 000009
i2lcd_send_4bit@ret                             cstackCOMRAM 00000B
int$flags                                       temp         000058
int_func                                        intcode_body 001674
intlevel0                                       text         000000
intlevel1                                       text         000000
intlevel2                                       text         000000
intlevel3                                       text         000000
isa$std                                         (abs)        000001
isa$xinst                                       (abs)        000000
lcd_4bit_initialize@counter                     cstackBANK0  0000EA
lcd_4bit_initialize@lcd                         cstackBANK0  0000E8
lcd_4bit_initialize@ret                         cstackBANK0  0000EB
lcd_4bit_send_char_data@data                    cstackBANK0  0000E6
lcd_4bit_send_char_data@lcd                     cstackBANK0  0000E5
lcd_4bit_send_char_data@ret                     cstackBANK0  0000E7
lcd_4bit_send_char_data_pos@column              cstackBANK0  0000F0
lcd_4bit_send_char_data_pos@data                cstackBANK0  0000F1
lcd_4bit_send_char_data_pos@lcd                 cstackBANK0  0000EE
lcd_4bit_send_char_data_pos@ret                 cstackBANK0  0000F2
lcd_4bit_send_char_data_pos@row                 cstackBANK0  0000EF
lcd_4bit_send_command@command                   cstackBANK0  0000E6
lcd_4bit_send_command@lcd                       cstackBANK0  0000E5
lcd_4bit_send_command@ret                       cstackBANK0  0000E7
lcd_4bit_send_enable_enable@lcd                 cstackBANK0  0000E2
lcd_4bit_send_enable_enable@ret                 cstackBANK0  0000E3
lcd_4bit_send_string_pos@column                 cstackBANK0  0000F0
lcd_4bit_send_string_pos@lcd                    cstackBANK0  0000EE
lcd_4bit_send_string_pos@row                    cstackBANK0  0000EF
lcd_4bit_send_string_pos@str                    cstackBANK0  0000F1
lcd_4bit_set_curser@column                      cstackBANK0  0000EA
lcd_4bit_set_curser@lcd                         cstackBANK0  0000E8
lcd_4bit_set_curser@ret                         cstackBANK0  0000ED
lcd_4bit_set_curser@row                         cstackBANK0  0000E9
lcd_send_4bit@command_data                      cstackBANK0  0000E3
lcd_send_4bit@lcd                               cstackBANK0  0000E2
lcd_send_4bit@ret                               cstackBANK0  0000E4
memset@c                                        cstackBANK0  0000DC
memset@dest                                     cstackBANK0  0000DA
memset@n                                        cstackBANK0  0000DE
memset@p                                        cstackBANK0  0000E0
password_confirmation@comparing_result          cstackBANK0  0000F8
password_confirmation@confirm_pass_obj          cstackBANK0  0000F4
password_confirmation@counter                   cstackBANK0  0000F9
password_confirmation@lcd_counter               cstackBANK0  0000F7
password_confirmation@pass_obj                  cstackBANK0  0000F3
save_password@counter                           cstackBANK0  0000DF
save_password@pass_obj                          cstackBANK0  0000DE
sprintf@ap                                      cstackBANK1  000106
sprintf@f                                       cstackBANK1  000108
sprintf@fmt                                     cstackBANK1  000102
sprintf@s                                       cstackBANK1  000100
stackhi                                         (abs)        000000
stacklo                                         (abs)        000000
start                                           init         00000E
start_initialization                            cinit        00297A
ttemp5                                          temp         000059
ttemp6                                          temp         00005C
ttemp7                                          temp         000060
vfpfcnvrt@ap                                    cstackBANK0  0000E7
vfpfcnvrt@c                                     cstackBANK0  0000F2
vfpfcnvrt@convarg                               cstackBANK0  0000EE
vfpfcnvrt@cp                                    cstackBANK0  0000EC
vfpfcnvrt@done                                  cstackBANK0  0000EB
vfpfcnvrt@fmt                                   cstackBANK0  0000E6
vfpfcnvrt@fp                                    cstackBANK0  0000E4
vfprintf@ap                                     cstackBANK0  0000F7
vfprintf@cfmt                                   cstackBANK0  0000F9
vfprintf@fmt                                    cstackBANK0  0000F5
vfprintf@fp                                     cstackBANK0  0000F3
wtemp8                                          temp         000059


MODULE INFORMATION

Module		Function		Class		Link	Load	Size
MCAL_layer/Interrupt/mcal_interrupt_manager.c
		_INTERRUPT_MANAGER_HIGH		CODE           	0008	0000	748

MCAL_layer/Interrupt/mcal_interrupt_manager.c estimated size: 748

MCAL_layer/Interrupt/mcal_external_interrupt.c
		_INTERRUPT_SET_INTERRUPT_HANDLER		CODE           	2710	0000	162
		_INTERRUPT_INTx_enable		CODE           	2B20	0000	124
		_INT0_SET_INTERRUPT_HANDLER		CODE           	369A	0000	34
		_RB4_ISR       		CODE           	370A	0000	26
		_RB5_ISR       		CODE           	36F0	0000	26
		_INT1_SET_INTERRUPT_HANDLER		CODE           	3678	0000	34
		_RB6_ISR       		CODE           	36D6	0000	26
		_INTERRUPT_INTx_pin_int		CODE           	3522	0000	46
		_RB7_ISR       		CODE           	36BC	0000	26
		_INT2_SET_INTERRUPT_HANDLER		CODE           	3656	0000	34
		_INTERRUPT_INTx_edge_int		CODE           	1E00	0000	286
		_INTERRUPT_INTx_disable		CODE           	2C12	0000	112
		_Interrupt_INTx_Init		CODE           	2F6C	0000	96
		_INT0_ISR      		CODE           	35AC	0000	46
		_INT1_ISR      		CODE           	357E	0000	46
		_INTERRUPT_INTx_clear_flag		CODE           	2C82	0000	112
		_INT2_ISR      		CODE           	3550	0000	46

MCAL_layer/Interrupt/mcal_external_interrupt.c estimated size: 1282

ECU_layer/chr_LCD/ecu_chr_LCD.c
		_lcd_4bit_send_enable_enable		CODE           	35DA	0000	44
		_lcd_send_4bit 		CODE           	30E2	0000	90
		_lcd_4bit_send_command		CODE           	2EA0	0000	104
		_lcd_4bit_send_string_pos		CODE           	28E8	0000	146
		_lcd_4bit_set_curser		CODE           	266E	0000	162
		_lcd_4bit_send_char_data		CODE           	2E38	0000	104
		_lcd_4bit_send_char_data_pos		CODE           	33A4	0000	66
		_convert_byte_to_string		CODE           	313C	0000	86
		_lcd_4bit_initialize		CODE           	2144	0000	256

ECU_layer/chr_LCD/ecu_chr_LCD.c estimated size: 1058

MCAL_layer/GPIO/hal_gpio.c
		_gpio_pin_write_logic		CODE           	1F1E	0000	278
		_gpio_pin_read_logic		CODE           	27B2	0000	158
		_gpio_pin_direction_initialize		CODE           	1CD4	0000	300
		_gpio_pin_initialize		CODE           	2F08	0000	100

MCAL_layer/GPIO/hal_gpio.c estimated size: 836

MCAL_layer/EEPROM/hal_eeprom.c
		_Data_EEPROM_ReadByte		CODE           	3420	0000	56
		_Data_EEPROM_WriteByte		CODE           	32D0	0000	72

MCAL_layer/EEPROM/hal_eeprom.c estimated size: 128

ECU_layer/Keypad/ecu_keypad.c
		_ecu_keypad_get_value		CODE           	2244	0000	252
		_ecu_keypad_initialize		CODE           	2FCC	0000	94

ECU_layer/Keypad/ecu_keypad.c estimated size: 346

ECU_layer/ecu_layer_init.c
		_INT0_app_ISR  		CODE           	1B64	0000	368
		_ecu_layer_Initialization		CODE           	3318	0000	72

ECU_layer/ecu_layer_init.c estimated size: 440

Helper_functions/helper_fn.c
		_check_entered_password		CODE           	2340	0000	234
		_get_password  		CODE           	0F58	0000	966
		_change_password		CODE           	0AF2	0000	1126
		_comparing_password		CODE           	2A08	0000	140
		_welcome_msg   		CODE           	2B9C	0000	118
		_entering_password		CODE           	0012	0000	1560
		_save_password 		CODE           	3284	0000	76
		_password_confirmation		CODE           	062A	0000	1224

Helper_functions/helper_fn.c estimated size: 5444

C:\Program Files\Microchip\xc8\v2.45\pic\sources\c99\common\nf_sprintf.c
		_sprintf       		CODE           	3192	0000	82

C:\Program Files\Microchip\xc8\v2.45\pic\sources\c99\common\nf_sprintf.c estimated size: 82

C:\Program Files\Microchip\xc8\v2.45\pic\sources\c99\common\awmod.c
		___awmod       		CODE           	25BC	0000	178

C:\Program Files\Microchip\xc8\v2.45\pic\sources\c99\common\awmod.c estimated size: 178

C:\Program Files\Microchip\xc8\v2.45\pic\sources\c99\common\putch.c
		_putch         		CODE           	374A	0000	2

C:\Program Files\Microchip\xc8\v2.45\pic\sources\c99\common\putch.c estimated size: 2

shared
		i2_lcd_4bit_send_char_data		CODE           	3086	0000	92
		i2_lcd_4bit_send_command		CODE           	302A	0000	92
		i2_lcd_send_4bit		CODE           	3234	0000	80
		i2_lcd_4bit_send_enable_enable		CODE           	3630	0000	38
		__initialization		CODE           	297A	0000	132
		i2_lcd_4bit_set_curser		CODE           	2850	0000	152
		i2_Data_EEPROM_WriteByte		CODE           	3360	0000	68
		i2_gpio_pin_write_logic		CODE           	2034	0000	272
		i2_lcd_4bit_send_string_pos		CODE           	2A94	0000	140

shared estimated size: 1066

C:\Program Files\Microchip\xc8\v2.45\pic\sources\c99\common\abs.c
		_abs           		CODE           	3458	0000	54

C:\Program Files\Microchip\xc8\v2.45\pic\sources\c99\common\abs.c estimated size: 54

ECU_layer/LED/ecu_led.c
		_ecu_led_turn_on		CODE           	2CF2	0000	110
		_ecu_led_initialize		CODE           	2DCE	0000	106
		_ecu_led_turn_off		CODE           	2D60	0000	110

ECU_layer/LED/ecu_led.c estimated size: 326

ECU_layer/DC_motor/ecu_DC_motor.c
		_ecu_dc_motor_move_left		CODE           	34C0	0000	50
		_ecu_dc_motor_stop		CODE           	348E	0000	50
		_ecu_dc_motor_initialize		CODE           	3606	0000	42

ECU_layer/DC_motor/ecu_DC_motor.c estimated size: 142

C:\Program Files\Microchip\xc8\v2.45\pic\sources\c99\common\memset.c
		_memset        		CODE           	33E6	0000	58

C:\Program Files\Microchip\xc8\v2.45\pic\sources\c99\common\memset.c estimated size: 58

application.c
		_main          		CODE           	131E	0000	854
		_Application_Initialization		CODE           	3744	0000	6

application.c estimated size: 860

C:\Program Files\Microchip\xc8\v2.45\pic\sources\c99\common\nf_fputc.c
		_fputc         		CODE           	242A	0000	204

C:\Program Files\Microchip\xc8\v2.45\pic\sources\c99\common\nf_fputc.c estimated size: 204

C:\Program Files\Microchip\xc8\v2.45\pic\sources\c99\common\doprnt.c
		_vfpfcnvrt     		CODE           	195A	0000	522
		_vfprintf      		CODE           	31E4	0000	80

C:\Program Files\Microchip\xc8\v2.45\pic\sources\c99\common\doprnt.c estimated size: 602

C:\Program Files\Microchip\xc8\v2.45\pic\sources\c99\common\awdiv.c
		___awdiv       		CODE           	24F6	0000	198

C:\Program Files\Microchip\xc8\v2.45\pic\sources\c99\common\awdiv.c estimated size: 198

